// Jest Snapshot v1, https://goo.gl/fbAQLP

exports[`CentralLogsBucket Construct(CentralLogsBucket):  Snapshot Test 1`] = `
Object {
  "Resources": Object {
    "AccessLogsBucketCmkAliasD1876683": Object {
      "Properties": Object {
        "AliasName": "alias/accelerator/s3-access-logs/s3",
        "TargetKeyId": Object {
          "Fn::GetAtt": Array [
            "AccessLogsBucketCmkECACF392",
            "Arn",
          ],
        },
      },
      "Type": "AWS::KMS::Alias",
    },
    "AccessLogsBucketCmkECACF392": Object {
      "DeletionPolicy": "Retain",
      "Properties": Object {
        "Description": "AWS Accelerator S3 Access Logs Bucket CMK",
        "EnableKeyRotation": true,
        "KeyPolicy": Object {
          "Statement": Array [
            Object {
              "Action": "kms:*",
              "Effect": "Allow",
              "Principal": Object {
                "AWS": Object {
                  "Fn::Join": Array [
                    "",
                    Array [
                      "arn:",
                      Object {
                        "Ref": "AWS::Partition",
                      },
                      ":iam::",
                      Object {
                        "Ref": "AWS::AccountId",
                      },
                      ":root",
                    ],
                  ],
                },
              },
              "Resource": "*",
            },
          ],
          "Version": "2012-10-17",
        },
      },
      "Type": "AWS::KMS::Key",
      "UpdateReplacePolicy": "Retain",
    },
    "AccessLogsBucketFA218D2A": Object {
      "DeletionPolicy": "Retain",
      "Properties": Object {
        "AccessControl": "LogDeliveryWrite",
        "BucketEncryption": Object {
          "ServerSideEncryptionConfiguration": Array [
            Object {
              "ServerSideEncryptionByDefault": Object {
                "KMSMasterKeyID": Object {
                  "Fn::GetAtt": Array [
                    "AccessLogsBucketCmkECACF392",
                    "Arn",
                  ],
                },
                "SSEAlgorithm": "aws:kms",
              },
            },
          ],
        },
        "BucketName": Object {
          "Fn::Join": Array [
            "",
            Array [
              "aws-accelerator-s3-access-logs-",
              Object {
                "Ref": "AWS::AccountId",
              },
              "-",
              Object {
                "Ref": "AWS::Region",
              },
            ],
          ],
        },
        "LifecycleConfiguration": Object {
          "Rules": Array [
            Object {
              "AbortIncompleteMultipartUpload": Object {
                "DaysAfterInitiation": 1,
              },
              "ExpirationInDays": 1825,
              "ExpiredObjectDeleteMarker": false,
              "Id": Object {
                "Fn::Join": Array [
                  "",
                  Array [
                    "LifecycleRuleaws-accelerator-s3-access-logs-",
                    Object {
                      "Ref": "AWS::AccountId",
                    },
                    "-",
                    Object {
                      "Ref": "AWS::Region",
                    },
                  ],
                ],
              },
              "NoncurrentVersionExpiration": Object {
                "NoncurrentDays": 1825,
              },
              "NoncurrentVersionTransitions": Array [
                Object {
                  "StorageClass": "DEEP_ARCHIVE",
                  "TransitionInDays": 366,
                },
              ],
              "Status": "Enabled",
              "Transitions": Array [
                Object {
                  "StorageClass": "DEEP_ARCHIVE",
                  "TransitionInDays": 365,
                },
              ],
            },
          ],
        },
        "OwnershipControls": Object {
          "Rules": Array [
            Object {
              "ObjectOwnership": "BucketOwnerPreferred",
            },
          ],
        },
        "PublicAccessBlockConfiguration": Object {
          "BlockPublicAcls": true,
          "BlockPublicPolicy": true,
          "IgnorePublicAcls": true,
          "RestrictPublicBuckets": true,
        },
        "VersioningConfiguration": Object {
          "Status": "Enabled",
        },
      },
      "Type": "AWS::S3::Bucket",
      "UpdateReplacePolicy": "Retain",
    },
    "AccessLogsBucketPolicy00F12803": Object {
      "Properties": Object {
        "Bucket": Object {
          "Ref": "AccessLogsBucketFA218D2A",
        },
        "PolicyDocument": Object {
          "Statement": Array [
            Object {
              "Action": "s3:*",
              "Condition": Object {
                "Bool": Object {
                  "aws:SecureTransport": "false",
                },
              },
              "Effect": "Deny",
              "Principal": Object {
                "AWS": "*",
              },
              "Resource": Array [
                Object {
                  "Fn::GetAtt": Array [
                    "AccessLogsBucketFA218D2A",
                    "Arn",
                  ],
                },
                Object {
                  "Fn::Join": Array [
                    "",
                    Array [
                      Object {
                        "Fn::GetAtt": Array [
                          "AccessLogsBucketFA218D2A",
                          "Arn",
                        ],
                      },
                      "/*",
                    ],
                  ],
                },
              ],
              "Sid": "deny-insecure-connections",
            },
          ],
          "Version": "2012-10-17",
        },
      },
      "Type": "AWS::S3::BucketPolicy",
    },
    "CentralLogsBucket447B5C59": Object {
      "DeletionPolicy": "Retain",
      "Properties": Object {
        "BucketEncryption": Object {
          "ServerSideEncryptionConfiguration": Array [
            Object {
              "ServerSideEncryptionByDefault": Object {
                "KMSMasterKeyID": Object {
                  "Fn::GetAtt": Array [
                    "CentralLogsBucketCmkBA0AB2FC",
                    "Arn",
                  ],
                },
                "SSEAlgorithm": "aws:kms",
              },
            },
          ],
        },
        "BucketName": Object {
          "Fn::Join": Array [
            "",
            Array [
              "aws-accelerator-central-logs-",
              Object {
                "Ref": "AWS::AccountId",
              },
              "-",
              Object {
                "Ref": "AWS::Region",
              },
            ],
          ],
        },
        "LifecycleConfiguration": Object {
          "Rules": Array [
            Object {
              "AbortIncompleteMultipartUpload": Object {
                "DaysAfterInitiation": 1,
              },
              "ExpirationInDays": 1825,
              "ExpiredObjectDeleteMarker": false,
              "Id": Object {
                "Fn::Join": Array [
                  "",
                  Array [
                    "LifecycleRuleaws-accelerator-central-logs-",
                    Object {
                      "Ref": "AWS::AccountId",
                    },
                    "-",
                    Object {
                      "Ref": "AWS::Region",
                    },
                  ],
                ],
              },
              "NoncurrentVersionExpiration": Object {
                "NoncurrentDays": 1825,
              },
              "NoncurrentVersionTransitions": Array [
                Object {
                  "StorageClass": "DEEP_ARCHIVE",
                  "TransitionInDays": 366,
                },
              ],
              "Status": "Enabled",
              "Transitions": Array [
                Object {
                  "StorageClass": "DEEP_ARCHIVE",
                  "TransitionInDays": 365,
                },
              ],
            },
          ],
        },
        "LoggingConfiguration": Object {
          "DestinationBucketName": Object {
            "Ref": "AccessLogsBucketFA218D2A",
          },
          "LogFilePrefix": Object {
            "Fn::Join": Array [
              "",
              Array [
                "aws-accelerator-central-logs-",
                Object {
                  "Ref": "AWS::AccountId",
                },
                "-",
                Object {
                  "Ref": "AWS::Region",
                },
                "/",
              ],
            ],
          },
        },
        "OwnershipControls": Object {
          "Rules": Array [
            Object {
              "ObjectOwnership": "BucketOwnerPreferred",
            },
          ],
        },
        "PublicAccessBlockConfiguration": Object {
          "BlockPublicAcls": true,
          "BlockPublicPolicy": true,
          "IgnorePublicAcls": true,
          "RestrictPublicBuckets": true,
        },
        "VersioningConfiguration": Object {
          "Status": "Enabled",
        },
      },
      "Type": "AWS::S3::Bucket",
      "UpdateReplacePolicy": "Retain",
    },
    "CentralLogsBucketCmkAlias286EB783": Object {
      "Properties": Object {
        "AliasName": "alias/accelerator/central-logs/s3",
        "TargetKeyId": Object {
          "Fn::GetAtt": Array [
            "CentralLogsBucketCmkBA0AB2FC",
            "Arn",
          ],
        },
      },
      "Type": "AWS::KMS::Alias",
    },
    "CentralLogsBucketCmkBA0AB2FC": Object {
      "DeletionPolicy": "Retain",
      "Properties": Object {
        "Description": "AWS Accelerator Central Logs Bucket CMK",
        "EnableKeyRotation": true,
        "KeyPolicy": Object {
          "Statement": Array [
            Object {
              "Action": "kms:*",
              "Effect": "Allow",
              "Principal": Object {
                "AWS": Object {
                  "Fn::Join": Array [
                    "",
                    Array [
                      "arn:",
                      Object {
                        "Ref": "AWS::Partition",
                      },
                      ":iam::",
                      Object {
                        "Ref": "AWS::AccountId",
                      },
                      ":root",
                    ],
                  ],
                },
              },
              "Resource": "*",
            },
            Object {
              "Action": "kms:*",
              "Effect": "Allow",
              "Principal": Object {
                "AWS": Object {
                  "Fn::Join": Array [
                    "",
                    Array [
                      "arn:",
                      Object {
                        "Ref": "AWS::Partition",
                      },
                      ":iam::",
                      Object {
                        "Ref": "AWS::AccountId",
                      },
                      ":root",
                    ],
                  ],
                },
              },
              "Resource": "*",
              "Sid": "Enable IAM User Permissions",
            },
            Object {
              "Action": Array [
                "kms:Decrypt",
                "kms:DescribeKey",
                "kms:Encrypt",
                "kms:GenerateDataKey",
                "kms:GenerateDataKeyWithoutPlaintext",
                "kms:GenerateRandom",
                "kms:GetKeyPolicy",
                "kms:GetKeyRotationStatus",
                "kms:ListAliases",
                "kms:ListGrants",
                "kms:ListKeyPolicies",
                "kms:ListKeys",
                "kms:ListResourceTags",
                "kms:ListRetirableGrants",
                "kms:ReEncryptFrom",
                "kms:ReEncryptTo",
              ],
              "Effect": "Allow",
              "Principal": Object {
                "Service": "s3.amazonaws.com",
              },
              "Resource": "*",
              "Sid": "Allow S3 use of the key",
            },
            Object {
              "Action": Array [
                "kms:Decrypt",
                "kms:DescribeKey",
                "kms:Encrypt",
                "kms:GenerateDataKey",
                "kms:GenerateDataKeyPair",
                "kms:GenerateDataKeyPairWithoutPlaintext",
                "kms:GenerateDataKeyWithoutPlaintext",
                "kms:ReEncryptFrom",
                "kms:ReEncryptTo",
              ],
              "Effect": "Allow",
              "Principal": Object {
                "Service": Array [
                  "config.amazonaws.com",
                  "cloudtrail.amazonaws.com",
                  "delivery.logs.amazonaws.com",
                  "ssm.amazonaws.com",
                ],
              },
              "Resource": "*",
              "Sid": "Allow AWS Services to encrypt and describe logs",
            },
            Object {
              "Action": Array [
                "kms:Decrypt",
                "kms:DescribeKey",
                "kms:Encrypt",
                "kms:GenerateDataKey",
                "kms:GenerateDataKeyPair",
                "kms:GenerateDataKeyPairWithoutPlaintext",
                "kms:GenerateDataKeyWithoutPlaintext",
                "kms:ReEncryptFrom",
                "kms:ReEncryptTo",
              ],
              "Condition": Object {
                "StringEquals": Object {
                  "aws:PrincipalOrgID": "acceleratorOrg",
                },
              },
              "Effect": "Allow",
              "Principal": Object {
                "AWS": "*",
              },
              "Resource": "*",
              "Sid": "Allow Organization use of the key",
            },
          ],
          "Version": "2012-10-17",
        },
      },
      "Type": "AWS::KMS::Key",
      "UpdateReplacePolicy": "Retain",
    },
    "CentralLogsBucketCrossAccountCentralBucketKMSArnSsmParamAccessRole83E55C59": Object {
      "Properties": Object {
        "AssumeRolePolicyDocument": Object {
          "Statement": Array [
            Object {
              "Action": "sts:AssumeRole",
              "Condition": Object {
                "StringEquals": Object {
                  "aws:PrincipalOrgID": "acceleratorOrg",
                },
              },
              "Effect": "Allow",
              "Principal": Object {
                "AWS": "*",
              },
            },
          ],
          "Version": "2012-10-17",
        },
        "Policies": Array [
          Object {
            "PolicyDocument": Object {
              "Statement": Array [
                Object {
                  "Action": Array [
                    "ssm:GetParameters",
                    "ssm:GetParameter",
                  ],
                  "Condition": Object {
                    "ArnLike": Object {
                      "aws:PrincipalARN": Array [
                        Object {
                          "Fn::Join": Array [
                            "",
                            Array [
                              "arn:",
                              Object {
                                "Ref": "AWS::Partition",
                              },
                              ":iam::*:role/AWSAccelerator-*",
                            ],
                          ],
                        },
                      ],
                    },
                  },
                  "Effect": "Allow",
                  "Resource": Object {
                    "Fn::Join": Array [
                      "",
                      Array [
                        "arn:",
                        Object {
                          "Ref": "AWS::Partition",
                        },
                        ":ssm:",
                        Object {
                          "Ref": "AWS::Region",
                        },
                        ":",
                        Object {
                          "Ref": "AWS::AccountId",
                        },
                        ":parameter",
                        Object {
                          "Ref": "CentralLogsBucketSsmParamCentralAccountBucketKMSArn57B61EA3",
                        },
                      ],
                    ],
                  },
                },
                Object {
                  "Action": "ssm:DescribeParameters",
                  "Condition": Object {
                    "ArnLike": Object {
                      "aws:PrincipalARN": Array [
                        Object {
                          "Fn::Join": Array [
                            "",
                            Array [
                              "arn:",
                              Object {
                                "Ref": "AWS::Partition",
                              },
                              ":iam::*:role/AWSAccelerator-*",
                            ],
                          ],
                        },
                      ],
                    },
                  },
                  "Effect": "Allow",
                  "Resource": "*",
                },
              ],
              "Version": "2012-10-17",
            },
            "PolicyName": "default",
          },
        ],
        "RoleName": "AWSAccelerator-CentralBucket-KeyArnParam-Role",
      },
      "Type": "AWS::IAM::Role",
    },
    "CentralLogsBucketPolicyC0B90E7C": Object {
      "Properties": Object {
        "Bucket": Object {
          "Ref": "CentralLogsBucket447B5C59",
        },
        "PolicyDocument": Object {
          "Statement": Array [
            Object {
              "Action": "s3:*",
              "Condition": Object {
                "Bool": Object {
                  "aws:SecureTransport": "false",
                },
              },
              "Effect": "Deny",
              "Principal": Object {
                "AWS": "*",
              },
              "Resource": Array [
                Object {
                  "Fn::GetAtt": Array [
                    "CentralLogsBucket447B5C59",
                    "Arn",
                  ],
                },
                Object {
                  "Fn::Join": Array [
                    "",
                    Array [
                      Object {
                        "Fn::GetAtt": Array [
                          "CentralLogsBucket447B5C59",
                          "Arn",
                        ],
                      },
                      "/*",
                    ],
                  ],
                },
              ],
              "Sid": "deny-insecure-connections",
            },
            Object {
              "Action": "s3:PutObject",
              "Condition": Object {
                "StringEquals": Object {
                  "s3:x-amz-acl": "bucket-owner-full-control",
                },
              },
              "Effect": "Allow",
              "Principal": Object {
                "Service": Array [
                  "cloudtrail.amazonaws.com",
                  "config.amazonaws.com",
                  "delivery.logs.amazonaws.com",
                  "ssm.amazonaws.com",
                ],
              },
              "Resource": Object {
                "Fn::Join": Array [
                  "",
                  Array [
                    Object {
                      "Fn::GetAtt": Array [
                        "CentralLogsBucket447B5C59",
                        "Arn",
                      ],
                    },
                    "/*",
                  ],
                ],
              },
            },
            Object {
              "Action": Array [
                "s3:GetBucketAcl",
                "s3:ListBucket",
              ],
              "Effect": "Allow",
              "Principal": Object {
                "Service": Array [
                  "cloudtrail.amazonaws.com",
                  "config.amazonaws.com",
                  "delivery.logs.amazonaws.com",
                ],
              },
              "Resource": Object {
                "Fn::GetAtt": Array [
                  "CentralLogsBucket447B5C59",
                  "Arn",
                ],
              },
            },
            Object {
              "Action": Array [
                "s3:GetBucketLocation",
                "s3:PutObject",
              ],
              "Condition": Object {
                "StringEquals": Object {
                  "aws:PrincipalOrgID": "acceleratorOrg",
                },
              },
              "Effect": "Allow",
              "Principal": Object {
                "AWS": "*",
              },
              "Resource": Array [
                Object {
                  "Fn::GetAtt": Array [
                    "CentralLogsBucket447B5C59",
                    "Arn",
                  ],
                },
                Object {
                  "Fn::Join": Array [
                    "",
                    Array [
                      Object {
                        "Fn::GetAtt": Array [
                          "CentralLogsBucket447B5C59",
                          "Arn",
                        ],
                      },
                      "/*",
                    ],
                  ],
                },
              ],
              "Sid": "Allow Organization principals to use of the bucket",
            },
            Object {
              "Action": Array [
                "s3:List*",
                "s3:GetBucketVersioning",
                "s3:PutBucketVersioning",
                "s3:ReplicateDelete",
                "s3:ReplicateObject",
                "s3:ObjectOwnerOverrideToBucketOwner",
              ],
              "Condition": Object {
                "StringEquals": Object {
                  "aws:PrincipalOrgID": "acceleratorOrg",
                },
              },
              "Effect": "Allow",
              "Principal": Object {
                "AWS": "*",
              },
              "Resource": Array [
                Object {
                  "Fn::GetAtt": Array [
                    "CentralLogsBucket447B5C59",
                    "Arn",
                  ],
                },
                Object {
                  "Fn::Join": Array [
                    "",
                    Array [
                      Object {
                        "Fn::GetAtt": Array [
                          "CentralLogsBucket447B5C59",
                          "Arn",
                        ],
                      },
                      "/*",
                    ],
                  ],
                },
              ],
              "Sid": "Allow Organization use of the bucket for replication",
            },
          ],
          "Version": "2012-10-17",
        },
      },
      "Type": "AWS::S3::BucketPolicy",
    },
    "CentralLogsBucketSsmParamCentralAccountBucketKMSArn57B61EA3": Object {
      "Properties": Object {
        "Name": "/accelerator/logging/central-bucket/kms/arn",
        "Type": "String",
        "Value": Object {
          "Fn::GetAtt": Array [
            "CentralLogsBucketCmkBA0AB2FC",
            "Arn",
          ],
        },
      },
      "Type": "AWS::SSM::Parameter",
    },
  },
}
`;
