// Jest Snapshot v1, https://goo.gl/fbAQLP

exports[`ResolverFirewallDomainList Construct(ResolverFirewallDomainList):  Snapshot Test 1`] = `
Object {
  "Resources": Object {
    "CustomResolverManagedDomainListCustomResourceProviderHandler9F7C9581": Object {
      "DependsOn": Array [
        "CustomResolverManagedDomainListCustomResourceProviderRole33DECC65",
      ],
      "Properties": Object {
        "Code": Object {
          "S3Bucket": Object {
            "Fn::Sub": "cdk-hnb659fds-assets-\${AWS::AccountId}-\${AWS::Region}",
          },
          "S3Key": "REPLACED-GENERATED-NAME.zip",
        },
        "Handler": "__entrypoint__.handler",
        "MemorySize": 128,
        "Role": Object {
          "Fn::GetAtt": Array [
            "CustomResolverManagedDomainListCustomResourceProviderRole33DECC65",
            "Arn",
          ],
        },
        "Runtime": "nodejs14.x",
        "Timeout": 900,
      },
      "Type": "AWS::Lambda::Function",
    },
    "CustomResolverManagedDomainListCustomResourceProviderLogGroupAA48B1A0": Object {
      "DeletionPolicy": "Delete",
      "Properties": Object {
        "KmsKeyId": Object {
          "Fn::GetAtt": Array [
            "TestManagedDomainListKeyCB86CE9D",
            "Arn",
          ],
        },
        "LogGroupName": Object {
          "Fn::Join": Array [
            "",
            Array [
              "/aws/lambda/",
              Object {
                "Ref": "CustomResolverManagedDomainListCustomResourceProviderHandler9F7C9581",
              },
            ],
          ],
        },
        "RetentionInDays": 3653,
      },
      "Type": "AWS::Logs::LogGroup",
      "UpdateReplacePolicy": "Delete",
    },
    "CustomResolverManagedDomainListCustomResourceProviderRole33DECC65": Object {
      "Properties": Object {
        "AssumeRolePolicyDocument": Object {
          "Statement": Array [
            Object {
              "Action": "sts:AssumeRole",
              "Effect": "Allow",
              "Principal": Object {
                "Service": "lambda.amazonaws.com",
              },
            },
          ],
          "Version": "2012-10-17",
        },
        "ManagedPolicyArns": Array [
          Object {
            "Fn::Sub": "arn:\${AWS::Partition}:iam::aws:policy/service-role/AWSLambdaBasicExecutionRole",
          },
        ],
        "Policies": Array [
          Object {
            "PolicyDocument": Object {
              "Statement": Array [
                Object {
                  "Action": Array [
                    "route53resolver:ListFirewallDomainLists",
                  ],
                  "Effect": "Allow",
                  "Resource": "*",
                },
              ],
              "Version": "2012-10-17",
            },
            "PolicyName": "Inline",
          },
        ],
      },
      "Type": "AWS::IAM::Role",
    },
    "TestDomainList9DC6C806": Object {
      "Properties": Object {
        "DomainFileUrl": Object {
          "Fn::Sub": "REPLACED-GENERATED-NAME.zip",
        },
        "Tags": Array [
          Object {
            "Key": "Name",
            "Value": "TestDomainList",
          },
        ],
      },
      "Type": "AWS::Route53Resolver::FirewallDomainList",
    },
    "TestDomainListKey95870FD5": Object {
      "DeletionPolicy": "Retain",
      "Properties": Object {
        "KeyPolicy": Object {
          "Statement": Array [
            Object {
              "Action": "kms:*",
              "Effect": "Allow",
              "Principal": Object {
                "AWS": Object {
                  "Fn::Join": Array [
                    "",
                    Array [
                      "arn:",
                      Object {
                        "Ref": "AWS::Partition",
                      },
                      ":iam::",
                      Object {
                        "Ref": "AWS::AccountId",
                      },
                      ":root",
                    ],
                  ],
                },
              },
              "Resource": "*",
            },
          ],
          "Version": "2012-10-17",
        },
      },
      "Type": "AWS::KMS::Key",
      "UpdateReplacePolicy": "Retain",
    },
    "TestManagedDomainListE1CDFDDE": Object {
      "DeletionPolicy": "Delete",
      "DependsOn": Array [
        "CustomResolverManagedDomainListCustomResourceProviderLogGroupAA48B1A0",
      ],
      "Properties": Object {
        "ServiceToken": Object {
          "Fn::GetAtt": Array [
            "CustomResolverManagedDomainListCustomResourceProviderHandler9F7C9581",
            "Arn",
          ],
        },
        "listName": "TestManagedDomainList",
        "region": Object {
          "Ref": "AWS::Region",
        },
      },
      "Type": "Custom::ResolverManagedDomainList",
      "UpdateReplacePolicy": "Delete",
    },
    "TestManagedDomainListKeyCB86CE9D": Object {
      "DeletionPolicy": "Retain",
      "Properties": Object {
        "KeyPolicy": Object {
          "Statement": Array [
            Object {
              "Action": "kms:*",
              "Effect": "Allow",
              "Principal": Object {
                "AWS": Object {
                  "Fn::Join": Array [
                    "",
                    Array [
                      "arn:",
                      Object {
                        "Ref": "AWS::Partition",
                      },
                      ":iam::",
                      Object {
                        "Ref": "AWS::AccountId",
                      },
                      ":root",
                    ],
                  ],
                },
              },
              "Resource": "*",
            },
          ],
          "Version": "2012-10-17",
        },
      },
      "Type": "AWS::KMS::Key",
      "UpdateReplacePolicy": "Retain",
    },
  },
}
`;
