// Jest Snapshot v1, https://goo.gl/fbAQLP

exports[`TransitGatewayPrefixListReference Construct(TransitGatewayPrefixListReference):  Snapshot Test 1`] = `
Object {
  "Resources": Object {
    "CustomTransitGatewayPrefixListReferenceCustomResourceProviderHandler9BAD63E3": Object {
      "DependsOn": Array [
        "CustomTransitGatewayPrefixListReferenceCustomResourceProviderRoleC5D4C080",
      ],
      "Properties": Object {
        "Code": Object {
          "S3Bucket": Object {
            "Fn::Sub": "cdk-hnb659fds-assets-\${AWS::AccountId}-\${AWS::Region}",
          },
          "S3Key": "REPLACED-GENERATED-NAME.zip",
        },
        "Handler": "__entrypoint__.handler",
        "MemorySize": 128,
        "Role": Object {
          "Fn::GetAtt": Array [
            "CustomTransitGatewayPrefixListReferenceCustomResourceProviderRoleC5D4C080",
            "Arn",
          ],
        },
        "Runtime": "nodejs14.x",
        "Timeout": 900,
      },
      "Type": "AWS::Lambda::Function",
    },
    "CustomTransitGatewayPrefixListReferenceCustomResourceProviderLogGroupBC9F3669": Object {
      "DeletionPolicy": "Delete",
      "Properties": Object {
        "KmsKeyId": Object {
          "Fn::GetAtt": Array [
            "TestKms67078DF1",
            "Arn",
          ],
        },
        "LogGroupName": Object {
          "Fn::Join": Array [
            "",
            Array [
              "/aws/lambda/",
              Object {
                "Ref": "CustomTransitGatewayPrefixListReferenceCustomResourceProviderHandler9BAD63E3",
              },
            ],
          ],
        },
        "RetentionInDays": 3653,
      },
      "Type": "AWS::Logs::LogGroup",
      "UpdateReplacePolicy": "Delete",
    },
    "CustomTransitGatewayPrefixListReferenceCustomResourceProviderRoleC5D4C080": Object {
      "Properties": Object {
        "AssumeRolePolicyDocument": Object {
          "Statement": Array [
            Object {
              "Action": "sts:AssumeRole",
              "Effect": "Allow",
              "Principal": Object {
                "Service": "lambda.amazonaws.com",
              },
            },
          ],
          "Version": "2012-10-17",
        },
        "ManagedPolicyArns": Array [
          Object {
            "Fn::Sub": "arn:\${AWS::Partition}:iam::aws:policy/service-role/AWSLambdaBasicExecutionRole",
          },
        ],
        "Policies": Array [
          Object {
            "PolicyDocument": Object {
              "Statement": Array [
                Object {
                  "Action": Array [
                    "ec2:CreateTransitGatewayPrefixListReference",
                    "ec2:ModifyTransitGatewayPrefixListReference",
                    "ec2:DeleteTransitGatewayPrefixListReference",
                  ],
                  "Effect": "Allow",
                  "Resource": "*",
                  "Sid": "AllowModifyTgwReferences",
                },
              ],
              "Version": "2012-10-17",
            },
            "PolicyName": "Inline",
          },
        ],
      },
      "Type": "AWS::IAM::Role",
    },
    "TestKms67078DF1": Object {
      "DeletionPolicy": "Retain",
      "Properties": Object {
        "KeyPolicy": Object {
          "Statement": Array [
            Object {
              "Action": "kms:*",
              "Effect": "Allow",
              "Principal": Object {
                "AWS": Object {
                  "Fn::Join": Array [
                    "",
                    Array [
                      "arn:",
                      Object {
                        "Ref": "AWS::Partition",
                      },
                      ":iam::",
                      Object {
                        "Ref": "AWS::AccountId",
                      },
                      ":root",
                    ],
                  ],
                },
              },
              "Resource": "*",
            },
          ],
          "Version": "2012-10-17",
        },
      },
      "Type": "AWS::KMS::Key",
      "UpdateReplacePolicy": "Retain",
    },
    "TestTransitGatewayPrefixListReference11CAF048": Object {
      "DeletionPolicy": "Delete",
      "DependsOn": Array [
        "CustomTransitGatewayPrefixListReferenceCustomResourceProviderLogGroupBC9F3669",
      ],
      "Properties": Object {
        "ServiceToken": Object {
          "Fn::GetAtt": Array [
            "CustomTransitGatewayPrefixListReferenceCustomResourceProviderHandler9BAD63E3",
            "Arn",
          ],
        },
        "prefixListReference": Object {
          "PrefixListId": "pl-test",
          "TransitGatewayAttachmentId": "tgw-attach-test",
          "TransitGatewayRouteTableId": "Test",
        },
      },
      "Type": "Custom::TransitGatewayPrefixListReference",
      "UpdateReplacePolicy": "Delete",
    },
  },
}
`;
