// Jest Snapshot v1, https://goo.gl/fbAQLP

exports[`GuardDutyMembers Construct(GuardDutyMembers):  Snapshot Test 1`] = `
Object {
  "Resources": Object {
    "CustomGuardDutyCreateMembersCustomResourceProviderHandler0A16C673": Object {
      "DependsOn": Array [
        "CustomGuardDutyCreateMembersCustomResourceProviderRole2D82020E",
      ],
      "Properties": Object {
        "Code": Object {
          "S3Bucket": Object {
            "Fn::Sub": "cdk-hnb659fds-assets-\${AWS::AccountId}-\${AWS::Region}",
          },
          "S3Key": "REPLACED-GENERATED-NAME.zip",
        },
        "Handler": "__entrypoint__.handler",
        "MemorySize": 128,
        "Role": Object {
          "Fn::GetAtt": Array [
            "CustomGuardDutyCreateMembersCustomResourceProviderRole2D82020E",
            "Arn",
          ],
        },
        "Runtime": "nodejs14.x",
        "Timeout": 900,
      },
      "Type": "AWS::Lambda::Function",
    },
    "CustomGuardDutyCreateMembersCustomResourceProviderLogGroupB5134860": Object {
      "DeletionPolicy": "Delete",
      "Properties": Object {
        "KmsKeyId": Object {
          "Fn::GetAtt": Array [
            "CustomKey1E6D0D07",
            "Arn",
          ],
        },
        "LogGroupName": Object {
          "Fn::Join": Array [
            "",
            Array [
              "/aws/lambda/",
              Object {
                "Ref": "CustomGuardDutyCreateMembersCustomResourceProviderHandler0A16C673",
              },
            ],
          ],
        },
        "RetentionInDays": 3653,
      },
      "Type": "AWS::Logs::LogGroup",
      "UpdateReplacePolicy": "Delete",
    },
    "CustomGuardDutyCreateMembersCustomResourceProviderRole2D82020E": Object {
      "Properties": Object {
        "AssumeRolePolicyDocument": Object {
          "Statement": Array [
            Object {
              "Action": "sts:AssumeRole",
              "Effect": "Allow",
              "Principal": Object {
                "Service": "lambda.amazonaws.com",
              },
            },
          ],
          "Version": "2012-10-17",
        },
        "ManagedPolicyArns": Array [
          Object {
            "Fn::Sub": "arn:\${AWS::Partition}:iam::aws:policy/service-role/AWSLambdaBasicExecutionRole",
          },
        ],
        "Policies": Array [
          Object {
            "PolicyDocument": Object {
              "Statement": Array [
                Object {
                  "Action": Array [
                    "organizations:ListAccounts",
                  ],
                  "Condition": Object {
                    "StringLikeIfExists": Object {
                      "organizations:ListAccounts": Array [
                        "guardduty.amazonaws.com",
                      ],
                    },
                  },
                  "Effect": "Allow",
                  "Resource": "*",
                  "Sid": "GuardDutyCreateMembersTaskOrganizationAction",
                },
                Object {
                  "Action": Array [
                    "guardDuty:ListDetectors",
                    "guardDuty:ListOrganizationAdminAccounts",
                    "guardDuty:UpdateOrganizationConfiguration",
                    "guardduty:CreateMembers",
                    "guardduty:DeleteMembers",
                    "guardduty:DisassociateMembers",
                    "guardduty:ListDetectors",
                    "guardduty:ListMembers",
                  ],
                  "Effect": "Allow",
                  "Resource": "*",
                  "Sid": "GuardDutyCreateMembersTaskGuardDutyActions",
                },
                Object {
                  "Action": Array [
                    "iam:CreateServiceLinkedRole",
                  ],
                  "Effect": "Allow",
                  "Resource": Array [
                    "*",
                  ],
                  "Sid": "ServiceLinkedRoleSecurityHub",
                },
              ],
              "Version": "2012-10-17",
            },
            "PolicyName": "Inline",
          },
        ],
      },
      "Type": "AWS::IAM::Role",
    },
    "CustomKey1E6D0D07": Object {
      "DeletionPolicy": "Retain",
      "Properties": Object {
        "KeyPolicy": Object {
          "Statement": Array [
            Object {
              "Action": "kms:*",
              "Effect": "Allow",
              "Principal": Object {
                "AWS": Object {
                  "Fn::Join": Array [
                    "",
                    Array [
                      "arn:",
                      Object {
                        "Ref": "AWS::Partition",
                      },
                      ":iam::",
                      Object {
                        "Ref": "AWS::AccountId",
                      },
                      ":root",
                    ],
                  ],
                },
              },
              "Resource": "*",
            },
          ],
          "Version": "2012-10-17",
        },
      },
      "Type": "AWS::KMS::Key",
      "UpdateReplacePolicy": "Retain",
    },
    "GuardDutyMembersD34CA003": Object {
      "DeletionPolicy": "Delete",
      "DependsOn": Array [
        "CustomGuardDutyCreateMembersCustomResourceProviderLogGroupB5134860",
      ],
      "Properties": Object {
        "ServiceToken": Object {
          "Fn::GetAtt": Array [
            "CustomGuardDutyCreateMembersCustomResourceProviderHandler0A16C673",
            "Arn",
          ],
        },
        "enableEksProtection": true,
        "enableS3Protection": true,
        "partition": Object {
          "Ref": "AWS::Partition",
        },
        "region": Object {
          "Ref": "AWS::Region",
        },
      },
      "Type": "Custom::GuardDutyCreateMembers",
      "UpdateReplacePolicy": "Delete",
    },
  },
}
`;
