// Jest Snapshot v1, https://goo.gl/fbAQLP

exports[`GuardDutyPublishingDestination Construct(GuardDutyPublishingDestination):  Snapshot Test 1`] = `
Object {
  "Resources": Object {
    "CustomGuardDutyCreatePublishingDestinationCommandCustomResourceProviderHandlerB3AE4CE8": Object {
      "DependsOn": Array [
        "CustomGuardDutyCreatePublishingDestinationCommandCustomResourceProviderRoleD01DD26B",
      ],
      "Properties": Object {
        "Code": Object {
          "S3Bucket": Object {
            "Fn::Sub": "cdk-hnb659fds-assets-\${AWS::AccountId}-\${AWS::Region}",
          },
          "S3Key": "REPLACED-GENERATED-NAME.zip",
        },
        "Handler": "__entrypoint__.handler",
        "MemorySize": 128,
        "Role": Object {
          "Fn::GetAtt": Array [
            "CustomGuardDutyCreatePublishingDestinationCommandCustomResourceProviderRoleD01DD26B",
            "Arn",
          ],
        },
        "Runtime": "nodejs14.x",
        "Timeout": 900,
      },
      "Type": "AWS::Lambda::Function",
    },
    "CustomGuardDutyCreatePublishingDestinationCommandCustomResourceProviderLogGroup118A06DB": Object {
      "DeletionPolicy": "Delete",
      "Properties": Object {
        "KmsKeyId": Object {
          "Fn::GetAtt": Array [
            "LogKeyE83D0C1B",
            "Arn",
          ],
        },
        "LogGroupName": Object {
          "Fn::Join": Array [
            "",
            Array [
              "/aws/lambda/",
              Object {
                "Ref": "CustomGuardDutyCreatePublishingDestinationCommandCustomResourceProviderHandlerB3AE4CE8",
              },
            ],
          ],
        },
        "RetentionInDays": 3653,
      },
      "Type": "AWS::Logs::LogGroup",
      "UpdateReplacePolicy": "Delete",
    },
    "CustomGuardDutyCreatePublishingDestinationCommandCustomResourceProviderRoleD01DD26B": Object {
      "Properties": Object {
        "AssumeRolePolicyDocument": Object {
          "Statement": Array [
            Object {
              "Action": "sts:AssumeRole",
              "Effect": "Allow",
              "Principal": Object {
                "Service": "lambda.amazonaws.com",
              },
            },
          ],
          "Version": "2012-10-17",
        },
        "ManagedPolicyArns": Array [
          Object {
            "Fn::Sub": "arn:\${AWS::Partition}:iam::aws:policy/service-role/AWSLambdaBasicExecutionRole",
          },
        ],
        "Policies": Array [
          Object {
            "PolicyDocument": Object {
              "Statement": Array [
                Object {
                  "Action": Array [
                    "guardDuty:CreateDetector",
                    "guardDuty:CreatePublishingDestination",
                    "guardDuty:DeletePublishingDestination",
                    "guardDuty:UpdatePublishingDestination",
                    "guardDuty:ListDetectors",
                    "guardDuty:ListPublishingDestinations",
                    "guardduty:DescribePublishingDestination",
                    "iam:CreateServiceLinkedRole",
                  ],
                  "Effect": "Allow",
                  "Resource": "*",
                  "Sid": "GuardDutyCreatePublishingDestinationCommandTaskGuardDutyActions",
                },
              ],
              "Version": "2012-10-17",
            },
            "PolicyName": "Inline",
          },
        ],
      },
      "Type": "AWS::IAM::Role",
    },
    "DestinationKeyEE1EE37E": Object {
      "DeletionPolicy": "Retain",
      "Properties": Object {
        "KeyPolicy": Object {
          "Statement": Array [
            Object {
              "Action": "kms:*",
              "Effect": "Allow",
              "Principal": Object {
                "AWS": Object {
                  "Fn::Join": Array [
                    "",
                    Array [
                      "arn:",
                      Object {
                        "Ref": "AWS::Partition",
                      },
                      ":iam::",
                      Object {
                        "Ref": "AWS::AccountId",
                      },
                      ":root",
                    ],
                  ],
                },
              },
              "Resource": "*",
            },
          ],
          "Version": "2012-10-17",
        },
      },
      "Type": "AWS::KMS::Key",
      "UpdateReplacePolicy": "Retain",
    },
    "GuardDutyPublishingDestination52AE4412": Object {
      "DeletionPolicy": "Delete",
      "DependsOn": Array [
        "CustomGuardDutyCreatePublishingDestinationCommandCustomResourceProviderLogGroup118A06DB",
      ],
      "Properties": Object {
        "ServiceToken": Object {
          "Fn::GetAtt": Array [
            "CustomGuardDutyCreatePublishingDestinationCommandCustomResourceProviderHandlerB3AE4CE8",
            "Arn",
          ],
        },
        "destinationArn": Object {
          "Fn::Join": Array [
            "",
            Array [
              "arn:",
              Object {
                "Ref": "AWS::Partition",
              },
              ":s3:::aws-accelerator-guardduty-",
              Object {
                "Ref": "AWS::AccountId",
              },
              "-",
              Object {
                "Ref": "AWS::Region",
              },
            ],
          ],
        },
        "exportDestinationOverride": true,
        "exportDestinationType": "S3",
        "kmsKeyArn": Object {
          "Fn::GetAtt": Array [
            "DestinationKeyEE1EE37E",
            "Arn",
          ],
        },
        "region": Object {
          "Ref": "AWS::Region",
        },
      },
      "Type": "Custom::GuardDutyCreatePublishingDestinationCommand",
      "UpdateReplacePolicy": "Delete",
    },
    "LogKeyE83D0C1B": Object {
      "DeletionPolicy": "Retain",
      "Properties": Object {
        "KeyPolicy": Object {
          "Statement": Array [
            Object {
              "Action": "kms:*",
              "Effect": "Allow",
              "Principal": Object {
                "AWS": Object {
                  "Fn::Join": Array [
                    "",
                    Array [
                      "arn:",
                      Object {
                        "Ref": "AWS::Partition",
                      },
                      ":iam::",
                      Object {
                        "Ref": "AWS::AccountId",
                      },
                      ":root",
                    ],
                  ],
                },
              },
              "Resource": "*",
            },
          ],
          "Version": "2012-10-17",
        },
      },
      "Type": "AWS::KMS::Key",
      "UpdateReplacePolicy": "Retain",
    },
  },
}
`;
