// Jest Snapshot v1, https://goo.gl/fbAQLP

exports[`ShareSubnetTags Construct(ShareSubnetTest):  Snapshot Test 1`] = `
Object {
  "Resources": Object {
    "CustomKey1E6D0D07": Object {
      "DeletionPolicy": "Retain",
      "Properties": Object {
        "KeyPolicy": Object {
          "Statement": Array [
            Object {
              "Action": "kms:*",
              "Effect": "Allow",
              "Principal": Object {
                "AWS": Object {
                  "Fn::Join": Array [
                    "",
                    Array [
                      "arn:",
                      Object {
                        "Ref": "AWS::Partition",
                      },
                      ":iam::",
                      Object {
                        "Ref": "AWS::AccountId",
                      },
                      ":root",
                    ],
                  ],
                },
              },
              "Resource": "*",
            },
          ],
          "Version": "2012-10-17",
        },
      },
      "Type": "AWS::KMS::Key",
      "UpdateReplacePolicy": "Retain",
    },
    "CustomShareSubnetTagsCustomResourceProviderHandler4A04C5EC": Object {
      "DependsOn": Array [
        "CustomShareSubnetTagsCustomResourceProviderRole2582495C",
      ],
      "Properties": Object {
        "Code": Object {
          "S3Bucket": Object {
            "Fn::Sub": "cdk-hnb659fds-assets-\${AWS::AccountId}-\${AWS::Region}",
          },
          "S3Key": "REPLACED-GENERATED-NAME.zip",
        },
        "Handler": "__entrypoint__.handler",
        "MemorySize": 128,
        "Role": Object {
          "Fn::GetAtt": Array [
            "CustomShareSubnetTagsCustomResourceProviderRole2582495C",
            "Arn",
          ],
        },
        "Runtime": "nodejs14.x",
        "Timeout": 900,
      },
      "Type": "AWS::Lambda::Function",
    },
    "CustomShareSubnetTagsCustomResourceProviderLogGroupA1F3F80A": Object {
      "DeletionPolicy": "Delete",
      "Properties": Object {
        "KmsKeyId": Object {
          "Fn::GetAtt": Array [
            "CustomKey1E6D0D07",
            "Arn",
          ],
        },
        "LogGroupName": Object {
          "Fn::Join": Array [
            "",
            Array [
              "/aws/lambda/",
              Object {
                "Ref": "CustomShareSubnetTagsCustomResourceProviderHandler4A04C5EC",
              },
            ],
          ],
        },
        "RetentionInDays": 3653,
      },
      "Type": "AWS::Logs::LogGroup",
      "UpdateReplacePolicy": "Delete",
    },
    "CustomShareSubnetTagsCustomResourceProviderRole2582495C": Object {
      "Properties": Object {
        "AssumeRolePolicyDocument": Object {
          "Statement": Array [
            Object {
              "Action": "sts:AssumeRole",
              "Effect": "Allow",
              "Principal": Object {
                "Service": "lambda.amazonaws.com",
              },
            },
          ],
          "Version": "2012-10-17",
        },
        "ManagedPolicyArns": Array [
          Object {
            "Fn::Sub": "arn:\${AWS::Partition}:iam::aws:policy/service-role/AWSLambdaBasicExecutionRole",
          },
        ],
        "Policies": Array [
          Object {
            "PolicyDocument": Object {
              "Statement": Array [
                Object {
                  "Action": Array [
                    "ec2:DeleteTags",
                    "ec2:CreateTags",
                  ],
                  "Effect": "Allow",
                  "Resource": Array [
                    Object {
                      "Fn::Join": Array [
                        "",
                        Array [
                          "arn:",
                          Object {
                            "Ref": "AWS::Partition",
                          },
                          ":ec2:",
                          Object {
                            "Ref": "AWS::Region",
                          },
                          ":",
                          Object {
                            "Ref": "AWS::AccountId",
                          },
                          ":subnet/*",
                        ],
                      ],
                    },
                    Object {
                      "Fn::Join": Array [
                        "",
                        Array [
                          "arn:",
                          Object {
                            "Ref": "AWS::Partition",
                          },
                          ":ec2:",
                          Object {
                            "Ref": "AWS::Region",
                          },
                          ":",
                          Object {
                            "Ref": "AWS::AccountId",
                          },
                          ":vpc/*",
                        ],
                      ],
                    },
                    Object {
                      "Fn::Join": Array [
                        "",
                        Array [
                          "arn:",
                          Object {
                            "Ref": "AWS::Partition",
                          },
                          ":ec2:",
                          Object {
                            "Ref": "AWS::Region",
                          },
                          ":9999999999:subnet/*",
                        ],
                      ],
                    },
                    Object {
                      "Fn::Join": Array [
                        "",
                        Array [
                          "arn:",
                          Object {
                            "Ref": "AWS::Partition",
                          },
                          ":ec2:",
                          Object {
                            "Ref": "AWS::Region",
                          },
                          ":9999999999:vpc/*",
                        ],
                      ],
                    },
                  ],
                },
                Object {
                  "Action": Array [
                    "ec2:DescribeTags",
                    "ec2:DescribeVpcs",
                    "ec2:DescribeSubnets",
                  ],
                  "Effect": "Allow",
                  "Resource": "*",
                },
                Object {
                  "Action": Array [
                    "ssm:GetParameter",
                    "ssm:PutParameter",
                    "ssm:DeleteParameter",
                  ],
                  "Effect": "Allow",
                  "Resource": "*",
                },
              ],
              "Version": "2012-10-17",
            },
            "PolicyName": "Inline",
          },
        ],
      },
      "Type": "AWS::IAM::Role",
    },
    "ShareSubnetTagsA9A7452E": Object {
      "DeletionPolicy": "Delete",
      "DependsOn": Array [
        "CustomShareSubnetTagsCustomResourceProviderLogGroupA1F3F80A",
      ],
      "Properties": Object {
        "ServiceToken": Object {
          "Fn::GetAtt": Array [
            "CustomShareSubnetTagsCustomResourceProviderHandler4A04C5EC",
            "Arn",
          ],
        },
        "sharedSubnetId": "abcdefg123",
        "sharedSubnetName": "TestSubnet",
        "subnetTags": Array [
          Object {
            "key": "Key",
            "value": "value",
          },
        ],
        "vpcName": "TestVpc",
      },
      "Type": "Custom::ShareSubnetTags",
      "UpdateReplacePolicy": "Delete",
    },
  },
}
`;
