// Jest Snapshot v1, https://goo.gl/fbAQLP

exports[`AccountsStack Construct(AccountsStack):  Snapshot Test 1`] = `
Object {
  "Parameters": Object {
    "SsmParameterValueacceleratorkmscloudwatchkeyarnC96584B6F00A464EAD1953AFF4B05118Parameter": Object {
      "Default": "/accelerator/kms/cloudwatch/key-arn",
      "Type": "AWS::SSM::Parameter::Value<String>",
    },
    "SsmParameterValueacceleratorkmslambdakeyarnC96584B6F00A464EAD1953AFF4B05118Parameter": Object {
      "Default": "/accelerator/kms/lambda/key-arn",
      "Type": "AWS::SSM::Parameter::Value<String>",
    },
  },
  "Resources": Object {
    "AcceleratorGuardrails10AD44C7D": Object {
      "DeletionPolicy": "Delete",
      "DependsOn": Array [
        "CustomOrganizationsCreatePolicyCustomResourceProviderLogGroup019B74A9",
        "enablePolicyTypeScpB4BC96BE",
      ],
      "Properties": Object {
        "ServiceToken": Object {
          "Fn::GetAtt": Array [
            "CustomOrganizationsCreatePolicyCustomResourceProviderHandler7A188619",
            "Arn",
          ],
        },
        "bucket": "cdk-hnb659fds-assets-111111111111-us-east-1",
        "description": "Accelerator GuardRails 1
",
        "key": "REPLACED-JSON-PATH.json",
        "name": "AcceleratorGuardrails1",
        "partition": "aws",
        "type": "SERVICE_CONTROL_POLICY",
        "uuid": "REPLACED-UUID",
      },
      "Type": "Custom::CreatePolicy",
      "UpdateReplacePolicy": "Delete",
    },
    "AcceleratorGuardrails26DF90F53": Object {
      "DeletionPolicy": "Delete",
      "DependsOn": Array [
        "CustomOrganizationsCreatePolicyCustomResourceProviderLogGroup019B74A9",
        "enablePolicyTypeScpB4BC96BE",
      ],
      "Properties": Object {
        "ServiceToken": Object {
          "Fn::GetAtt": Array [
            "CustomOrganizationsCreatePolicyCustomResourceProviderHandler7A188619",
            "Arn",
          ],
        },
        "bucket": "cdk-hnb659fds-assets-111111111111-us-east-1",
        "description": "Accelerator GuardRails 2
",
        "key": "REPLACED-JSON-PATH.json",
        "name": "AcceleratorGuardrails2",
        "partition": "aws",
        "type": "SERVICE_CONTROL_POLICY",
        "uuid": "REPLACED-UUID",
      },
      "Type": "Custom::CreatePolicy",
      "UpdateReplacePolicy": "Delete",
    },
    "AccessAnalyzerServiceLinkedRole": Object {
      "Properties": Object {
        "AWSServiceName": "access-analyzer.amazonaws.com",
      },
      "Type": "AWS::IAM::ServiceLinkedRole",
    },
    "AttachAcceleratorGuardrails1Infrastructure84C16E51": Object {
      "DeletionPolicy": "Delete",
      "DependsOn": Array [
        "CustomOrganizationsAttachPolicyCustomResourceProviderLogGroup03FEC039",
      ],
      "Properties": Object {
        "ServiceToken": Object {
          "Fn::GetAtt": Array [
            "CustomOrganizationsAttachPolicyCustomResourceProviderHandlerB3233202",
            "Arn",
          ],
        },
        "partition": Object {
          "Ref": "AWS::Partition",
        },
        "policyId": Object {
          "Ref": "AcceleratorGuardrails10AD44C7D",
        },
        "targetId": "ou-asdf-22222222",
        "type": "SERVICE_CONTROL_POLICY",
        "uuid": "REPLACED-UUID",
      },
      "Type": "Custom::AttachPolicy",
      "UpdateReplacePolicy": "Delete",
    },
    "AttachAcceleratorGuardrails2Infrastructure2138559A": Object {
      "DeletionPolicy": "Delete",
      "DependsOn": Array [
        "CustomOrganizationsAttachPolicyCustomResourceProviderLogGroup03FEC039",
      ],
      "Properties": Object {
        "ServiceToken": Object {
          "Fn::GetAtt": Array [
            "CustomOrganizationsAttachPolicyCustomResourceProviderHandlerB3233202",
            "Arn",
          ],
        },
        "partition": Object {
          "Ref": "AWS::Partition",
        },
        "policyId": Object {
          "Ref": "AcceleratorGuardrails26DF90F53",
        },
        "targetId": "ou-asdf-22222222",
        "type": "SERVICE_CONTROL_POLICY",
        "uuid": "REPLACED-UUID",
      },
      "Type": "Custom::AttachPolicy",
      "UpdateReplacePolicy": "Delete",
    },
    "AttachQuarantineScpFunctionC9C93005": Object {
      "DependsOn": Array [
        "AttachQuarantineScpFunctionServiceRoleDefaultPolicyE25B3D06",
        "AttachQuarantineScpFunctionServiceRole7B57F1A9",
      ],
      "Properties": Object {
        "Code": Object {
          "S3Bucket": "cdk-hnb659fds-assets-111111111111-us-east-1",
          "S3Key": "REPLACED-GENERATED-NAME.zip",
        },
        "Description": "Lambda function to attach quarantine scp to new accounts",
        "Environment": Object {
          "Variables": Object {
            "SCP_POLICY_NAME": "Quarantine",
          },
        },
        "Handler": "index.handler",
        "KmsKeyArn": Object {
          "Ref": "SsmParameterValueacceleratorkmslambdakeyarnC96584B6F00A464EAD1953AFF4B05118Parameter",
        },
        "Role": Object {
          "Fn::GetAtt": Array [
            "AttachQuarantineScpFunctionServiceRole7B57F1A9",
            "Arn",
          ],
        },
        "Runtime": "nodejs14.x",
        "Timeout": 300,
      },
      "Type": "AWS::Lambda::Function",
    },
    "AttachQuarantineScpFunctionLogGroup5CA6B914": Object {
      "DeletionPolicy": "Delete",
      "Properties": Object {
        "KmsKeyId": Object {
          "Ref": "SsmParameterValueacceleratorkmscloudwatchkeyarnC96584B6F00A464EAD1953AFF4B05118Parameter",
        },
        "LogGroupName": Object {
          "Fn::Join": Array [
            "",
            Array [
              "/aws/lambda/",
              Object {
                "Ref": "AttachQuarantineScpFunctionC9C93005",
              },
            ],
          ],
        },
        "RetentionInDays": 3653,
      },
      "Type": "AWS::Logs::LogGroup",
      "UpdateReplacePolicy": "Delete",
    },
    "AttachQuarantineScpFunctionServiceRole7B57F1A9": Object {
      "Metadata": Object {
        "cdk_nag": Object {
          "rules_to_suppress": Array [
            Object {
              "id": "AwsSolutions-IAM4",
              "reason": "AWS Custom resource provider framework-role created by cdk.",
            },
          ],
        },
      },
      "Properties": Object {
        "AssumeRolePolicyDocument": Object {
          "Statement": Array [
            Object {
              "Action": "sts:AssumeRole",
              "Effect": "Allow",
              "Principal": Object {
                "Service": "lambda.amazonaws.com",
              },
            },
          ],
          "Version": "2012-10-17",
        },
        "ManagedPolicyArns": Array [
          Object {
            "Fn::Join": Array [
              "",
              Array [
                "arn:",
                Object {
                  "Ref": "AWS::Partition",
                },
                ":iam::aws:policy/service-role/AWSLambdaBasicExecutionRole",
              ],
            ],
          },
        ],
      },
      "Type": "AWS::IAM::Role",
    },
    "AttachQuarantineScpFunctionServiceRoleDefaultPolicyE25B3D06": Object {
      "Metadata": Object {
        "cdk_nag": Object {
          "rules_to_suppress": Array [
            Object {
              "id": "AwsSolutions-IAM5",
              "reason": "Allows only specific policy.",
            },
          ],
        },
      },
      "Properties": Object {
        "PolicyDocument": Object {
          "Statement": Array [
            Object {
              "Action": Array [
                "organizations:ListPolicies",
                "organizations:DescribeCreateAccountStatus",
              ],
              "Effect": "Allow",
              "Resource": "*",
              "Sid": "OrgRead",
            },
            Object {
              "Action": "organizations:AttachPolicy",
              "Effect": "Allow",
              "Resource": Array [
                Object {
                  "Fn::Join": Array [
                    "",
                    Array [
                      "arn:",
                      Object {
                        "Ref": "AWS::Partition",
                      },
                      ":organizations::111111111111:policy/o-*/service_control_policy/",
                      Object {
                        "Ref": "Quarantine23FF09FE",
                      },
                    ],
                  ],
                },
                Object {
                  "Fn::Join": Array [
                    "",
                    Array [
                      "arn:",
                      Object {
                        "Ref": "AWS::Partition",
                      },
                      ":organizations::111111111111:account/o-*/*",
                    ],
                  ],
                },
              ],
              "Sid": "OrgWrite",
            },
          ],
          "Version": "2012-10-17",
        },
        "PolicyName": "AttachQuarantineScpFunctionServiceRoleDefaultPolicyE25B3D06",
        "Roles": Array [
          Object {
            "Ref": "AttachQuarantineScpFunctionServiceRole7B57F1A9",
          },
        ],
      },
      "Type": "AWS::IAM::Policy",
    },
    "CreateAccountRule97EFD4F3": Object {
      "Properties": Object {
        "Description": "Rule to notify when a new account is created.",
        "EventPattern": Object {
          "detail": Object {
            "eventName": Array [
              "CreateAccount",
            ],
            "eventSource": Array [
              "organizations.amazonaws.com",
            ],
          },
          "detail-type": Array [
            "AWS API Call via CloudTrail",
          ],
          "source": Array [
            "aws.organizations",
          ],
        },
        "State": "ENABLED",
        "Targets": Array [
          Object {
            "Arn": Object {
              "Fn::GetAtt": Array [
                "AttachQuarantineScpFunctionC9C93005",
                "Arn",
              ],
            },
            "Id": "Target0",
            "RetryPolicy": Object {
              "MaximumEventAgeInSeconds": 14400,
              "MaximumRetryAttempts": 2,
            },
          },
        ],
      },
      "Type": "AWS::Events::Rule",
    },
    "CreateAccountRuleAllowEventRuleAWSAcceleratorAccountsStack111111111111useast1AttachQuarantineScpFunction9505F8CAFDB46AF6": Object {
      "Properties": Object {
        "Action": "lambda:InvokeFunction",
        "FunctionName": Object {
          "Fn::GetAtt": Array [
            "AttachQuarantineScpFunctionC9C93005",
            "Arn",
          ],
        },
        "Principal": "events.amazonaws.com",
        "SourceArn": Object {
          "Fn::GetAtt": Array [
            "CreateAccountRule97EFD4F3",
            "Arn",
          ],
        },
      },
      "Type": "AWS::Lambda::Permission",
    },
    "CustomEnablePolicyTypeCustomResourceProviderHandlerC244F9E1": Object {
      "DependsOn": Array [
        "CustomEnablePolicyTypeCustomResourceProviderRoleAE71B2CA",
      ],
      "Properties": Object {
        "Code": Object {
          "S3Bucket": "cdk-hnb659fds-assets-111111111111-us-east-1",
          "S3Key": "REPLACED-GENERATED-NAME.zip",
        },
        "Handler": "__entrypoint__.handler",
        "MemorySize": 128,
        "Role": Object {
          "Fn::GetAtt": Array [
            "CustomEnablePolicyTypeCustomResourceProviderRoleAE71B2CA",
            "Arn",
          ],
        },
        "Runtime": "nodejs14.x",
        "Timeout": 900,
      },
      "Type": "AWS::Lambda::Function",
    },
    "CustomEnablePolicyTypeCustomResourceProviderLogGroup81BE8EF5": Object {
      "DeletionPolicy": "Delete",
      "Properties": Object {
        "KmsKeyId": Object {
          "Ref": "SsmParameterValueacceleratorkmscloudwatchkeyarnC96584B6F00A464EAD1953AFF4B05118Parameter",
        },
        "LogGroupName": Object {
          "Fn::Join": Array [
            "",
            Array [
              "/aws/lambda/",
              Object {
                "Ref": "CustomEnablePolicyTypeCustomResourceProviderHandlerC244F9E1",
              },
            ],
          ],
        },
        "RetentionInDays": 3653,
      },
      "Type": "AWS::Logs::LogGroup",
      "UpdateReplacePolicy": "Delete",
    },
    "CustomEnablePolicyTypeCustomResourceProviderRoleAE71B2CA": Object {
      "Properties": Object {
        "AssumeRolePolicyDocument": Object {
          "Statement": Array [
            Object {
              "Action": "sts:AssumeRole",
              "Effect": "Allow",
              "Principal": Object {
                "Service": "lambda.amazonaws.com",
              },
            },
          ],
          "Version": "2012-10-17",
        },
        "ManagedPolicyArns": Array [
          Object {
            "Fn::Sub": "arn:\${AWS::Partition}:iam::aws:policy/service-role/AWSLambdaBasicExecutionRole",
          },
        ],
        "Policies": Array [
          Object {
            "PolicyDocument": Object {
              "Statement": Array [
                Object {
                  "Action": Array [
                    "organizations:DescribeOrganization",
                    "organizations:DisablePolicyType",
                    "organizations:EnablePolicyType",
                    "organizations:ListRoots",
                    "organizations:ListPoliciesForTarget",
                    "organizations:ListTargetsForPolicy",
                    "organizations:DescribeEffectivePolicy",
                    "organizations:DescribePolicy",
                    "organizations:DisableAWSServiceAccess",
                    "organizations:DetachPolicy",
                    "organizations:DeletePolicy",
                    "organizations:DescribeAccount",
                    "organizations:ListAWSServiceAccessForOrganization",
                    "organizations:ListPolicies",
                    "organizations:ListAccountsForParent",
                    "organizations:ListAccounts",
                    "organizations:EnableAWSServiceAccess",
                    "organizations:ListCreateAccountStatus",
                    "organizations:UpdatePolicy",
                    "organizations:DescribeOrganizationalUnit",
                    "organizations:AttachPolicy",
                    "organizations:ListParents",
                    "organizations:ListOrganizationalUnitsForParent",
                    "organizations:CreatePolicy",
                    "organizations:DescribeCreateAccountStatus",
                  ],
                  "Effect": "Allow",
                  "Resource": "*",
                },
              ],
              "Version": "2012-10-17",
            },
            "PolicyName": "Inline",
          },
        ],
      },
      "Type": "AWS::IAM::Role",
    },
    "CustomOrganizationsAttachPolicyCustomResourceProviderHandlerB3233202": Object {
      "DependsOn": Array [
        "CustomOrganizationsAttachPolicyCustomResourceProviderRole051E00A6",
      ],
      "Properties": Object {
        "Code": Object {
          "S3Bucket": "cdk-hnb659fds-assets-111111111111-us-east-1",
          "S3Key": "REPLACED-GENERATED-NAME.zip",
        },
        "Handler": "__entrypoint__.handler",
        "MemorySize": 128,
        "Role": Object {
          "Fn::GetAtt": Array [
            "CustomOrganizationsAttachPolicyCustomResourceProviderRole051E00A6",
            "Arn",
          ],
        },
        "Runtime": "nodejs14.x",
        "Timeout": 900,
      },
      "Type": "AWS::Lambda::Function",
    },
    "CustomOrganizationsAttachPolicyCustomResourceProviderLogGroup03FEC039": Object {
      "DeletionPolicy": "Delete",
      "Properties": Object {
        "KmsKeyId": Object {
          "Ref": "SsmParameterValueacceleratorkmscloudwatchkeyarnC96584B6F00A464EAD1953AFF4B05118Parameter",
        },
        "LogGroupName": Object {
          "Fn::Join": Array [
            "",
            Array [
              "/aws/lambda/",
              Object {
                "Ref": "CustomOrganizationsAttachPolicyCustomResourceProviderHandlerB3233202",
              },
            ],
          ],
        },
        "RetentionInDays": 3653,
      },
      "Type": "AWS::Logs::LogGroup",
      "UpdateReplacePolicy": "Delete",
    },
    "CustomOrganizationsAttachPolicyCustomResourceProviderRole051E00A6": Object {
      "Properties": Object {
        "AssumeRolePolicyDocument": Object {
          "Statement": Array [
            Object {
              "Action": "sts:AssumeRole",
              "Effect": "Allow",
              "Principal": Object {
                "Service": "lambda.amazonaws.com",
              },
            },
          ],
          "Version": "2012-10-17",
        },
        "ManagedPolicyArns": Array [
          Object {
            "Fn::Sub": "arn:\${AWS::Partition}:iam::aws:policy/service-role/AWSLambdaBasicExecutionRole",
          },
        ],
        "Policies": Array [
          Object {
            "PolicyDocument": Object {
              "Statement": Array [
                Object {
                  "Action": Array [
                    "organizations:AttachPolicy",
                    "organizations:DetachPolicy",
                    "organizations:ListPoliciesForTarget",
                  ],
                  "Effect": "Allow",
                  "Resource": "*",
                },
              ],
              "Version": "2012-10-17",
            },
            "PolicyName": "Inline",
          },
        ],
      },
      "Type": "AWS::IAM::Role",
    },
    "CustomOrganizationsCreatePolicyCustomResourceProviderHandler7A188619": Object {
      "DependsOn": Array [
        "CustomOrganizationsCreatePolicyCustomResourceProviderRoleBA0ADB43",
      ],
      "Properties": Object {
        "Code": Object {
          "S3Bucket": "cdk-hnb659fds-assets-111111111111-us-east-1",
          "S3Key": "REPLACED-GENERATED-NAME.zip",
        },
        "Description": "Organizations create policy",
        "Handler": "__entrypoint__.handler",
        "MemorySize": 128,
        "Role": Object {
          "Fn::GetAtt": Array [
            "CustomOrganizationsCreatePolicyCustomResourceProviderRoleBA0ADB43",
            "Arn",
          ],
        },
        "Runtime": "nodejs14.x",
        "Timeout": 900,
      },
      "Type": "AWS::Lambda::Function",
    },
    "CustomOrganizationsCreatePolicyCustomResourceProviderLogGroup019B74A9": Object {
      "DeletionPolicy": "Delete",
      "Properties": Object {
        "KmsKeyId": Object {
          "Ref": "SsmParameterValueacceleratorkmscloudwatchkeyarnC96584B6F00A464EAD1953AFF4B05118Parameter",
        },
        "LogGroupName": Object {
          "Fn::Join": Array [
            "",
            Array [
              "/aws/lambda/",
              Object {
                "Ref": "CustomOrganizationsCreatePolicyCustomResourceProviderHandler7A188619",
              },
            ],
          ],
        },
        "RetentionInDays": 3653,
      },
      "Type": "AWS::Logs::LogGroup",
      "UpdateReplacePolicy": "Delete",
    },
    "CustomOrganizationsCreatePolicyCustomResourceProviderRoleBA0ADB43": Object {
      "Properties": Object {
        "AssumeRolePolicyDocument": Object {
          "Statement": Array [
            Object {
              "Action": "sts:AssumeRole",
              "Effect": "Allow",
              "Principal": Object {
                "Service": "lambda.amazonaws.com",
              },
            },
          ],
          "Version": "2012-10-17",
        },
        "ManagedPolicyArns": Array [
          Object {
            "Fn::Sub": "arn:\${AWS::Partition}:iam::aws:policy/service-role/AWSLambdaBasicExecutionRole",
          },
        ],
        "Policies": Array [
          Object {
            "PolicyDocument": Object {
              "Statement": Array [
                Object {
                  "Action": Array [
                    "organizations:CreatePolicy",
                    "organizations:ListPolicies",
                    "organizations:UpdatePolicy",
                  ],
                  "Effect": "Allow",
                  "Resource": "*",
                },
                Object {
                  "Action": Array [
                    "s3:GetObject",
                  ],
                  "Effect": "Allow",
                  "Resource": Object {
                    "Fn::Join": Array [
                      "",
                      Array [
                        "arn:",
                        Object {
                          "Ref": "AWS::Partition",
                        },
                        ":s3:::cdk-hnb659fds-assets-111111111111-us-east-1/*",
                      ],
                    ],
                  },
                },
              ],
              "Version": "2012-10-17",
            },
            "PolicyName": "Inline",
          },
        ],
      },
      "Type": "AWS::IAM::Role",
    },
    "GuardDutyServiceLinkedRole": Object {
      "Properties": Object {
        "AWSServiceName": "guardduty.amazonaws.com",
        "Description": "A service-linked role required for Amazon GuardDuty to access your resources. ",
      },
      "Type": "AWS::IAM::ServiceLinkedRole",
    },
    "MacieServiceLinkedRole": Object {
      "Properties": Object {
        "AWSServiceName": "macie.amazonaws.com",
      },
      "Type": "AWS::IAM::ServiceLinkedRole",
    },
    "Quarantine23FF09FE": Object {
      "DeletionPolicy": "Delete",
      "DependsOn": Array [
        "CustomOrganizationsCreatePolicyCustomResourceProviderLogGroup019B74A9",
        "enablePolicyTypeScpB4BC96BE",
      ],
      "Properties": Object {
        "ServiceToken": Object {
          "Fn::GetAtt": Array [
            "CustomOrganizationsCreatePolicyCustomResourceProviderHandler7A188619",
            "Arn",
          ],
        },
        "bucket": "cdk-hnb659fds-assets-111111111111-us-east-1",
        "description": "This SCP is used to prevent changes to new accounts until the Accelerator has been executed successfully. This policy will be applied upon account creation if enabled.
",
        "key": "REPLACED-JSON-PATH.json",
        "name": "Quarantine",
        "partition": "aws",
        "type": "SERVICE_CONTROL_POLICY",
        "uuid": "REPLACED-UUID",
      },
      "Type": "Custom::CreatePolicy",
      "UpdateReplacePolicy": "Delete",
    },
    "RevertScpChangesModifyScpRule4ECCD6B5": Object {
      "Properties": Object {
        "Description": "Rule to notify when an LZA-managed SCP is modified or detatched.",
        "EventPattern": Object {
          "detail": Object {
            "eventName": Array [
              "AttachPolicy",
              "DetachPolicy",
              "UpdatePolicy",
            ],
            "eventSource": Array [
              "organizations.amazonaws.com",
            ],
          },
          "detail-type": Array [
            "AWS API Call via CloudTrail",
          ],
          "source": Array [
            "aws.organizations",
          ],
        },
        "State": "ENABLED",
        "Targets": Array [
          Object {
            "Arn": Object {
              "Fn::GetAtt": Array [
                "RevertScpChangesRevertScpChangesFunction5EF82185",
                "Arn",
              ],
            },
            "Id": "Target0",
            "RetryPolicy": Object {
              "MaximumEventAgeInSeconds": 14400,
              "MaximumRetryAttempts": 2,
            },
          },
        ],
      },
      "Type": "AWS::Events::Rule",
    },
    "RevertScpChangesModifyScpRuleAllowEventRuleAWSAcceleratorAccountsStack111111111111useast1RevertScpChangesRevertScpChangesFunctionA0A2CE0454C796FB": Object {
      "Properties": Object {
        "Action": "lambda:InvokeFunction",
        "FunctionName": Object {
          "Fn::GetAtt": Array [
            "RevertScpChangesRevertScpChangesFunction5EF82185",
            "Arn",
          ],
        },
        "Principal": "events.amazonaws.com",
        "SourceArn": Object {
          "Fn::GetAtt": Array [
            "RevertScpChangesModifyScpRule4ECCD6B5",
            "Arn",
          ],
        },
      },
      "Type": "AWS::Lambda::Permission",
    },
    "RevertScpChangesRevertScpChangesFunction5EF82185": Object {
      "DependsOn": Array [
        "RevertScpChangesRevertScpChangesFunctionServiceRoleDefaultPolicyF3C3ECD9",
        "RevertScpChangesRevertScpChangesFunctionServiceRole4F571613",
      ],
      "Properties": Object {
        "Code": Object {
          "S3Bucket": "cdk-hnb659fds-assets-111111111111-us-east-1",
          "S3Key": "REPLACED-GENERATED-NAME.zip",
        },
        "Description": "Lambda function to revert changes made to LZA-controlled service control policies",
        "Environment": Object {
          "Variables": Object {
            "AUDIT_ACCOUNT_ID": "222222222222",
            "AWS_PARTITION": Object {
              "Ref": "AWS::Partition",
            },
            "HOME_REGION": "us-east-1",
            "LOG_ARCHIVE_ACCOUNT_ID": "333333333333",
            "MANAGEMENT_ACCOUNT_ACCESS_ROLE": "AWSControlTowerExecution",
            "MANAGEMENT_ACCOUNT_ID": "111111111111",
            "SNS_TOPIC_ARN": Object {
              "Fn::Join": Array [
                "",
                Array [
                  "arn:",
                  Object {
                    "Ref": "AWS::Partition",
                  },
                  ":sns:us-east-1:111111111111:aws-accelerator-Security",
                ],
              ],
            },
          },
        },
        "Handler": "index.handler",
        "KmsKeyArn": Object {
          "Ref": "SsmParameterValueacceleratorkmslambdakeyarnC96584B6F00A464EAD1953AFF4B05118Parameter",
        },
        "Role": Object {
          "Fn::GetAtt": Array [
            "RevertScpChangesRevertScpChangesFunctionServiceRole4F571613",
            "Arn",
          ],
        },
        "Runtime": "nodejs14.x",
        "Timeout": 60,
      },
      "Type": "AWS::Lambda::Function",
    },
    "RevertScpChangesRevertScpChangesFunctionLogGroup92A9E8AA": Object {
      "DeletionPolicy": "Delete",
      "Properties": Object {
        "KmsKeyId": Object {
          "Ref": "SsmParameterValueacceleratorkmscloudwatchkeyarnC96584B6F00A464EAD1953AFF4B05118Parameter",
        },
        "LogGroupName": Object {
          "Fn::Join": Array [
            "",
            Array [
              "/aws/lambda/",
              Object {
                "Ref": "RevertScpChangesRevertScpChangesFunction5EF82185",
              },
            ],
          ],
        },
        "RetentionInDays": 3653,
      },
      "Type": "AWS::Logs::LogGroup",
      "UpdateReplacePolicy": "Delete",
    },
    "RevertScpChangesRevertScpChangesFunctionServiceRole4F571613": Object {
      "Metadata": Object {
        "cdk_nag": Object {
          "rules_to_suppress": Array [
            Object {
              "id": "AwsSolutions-IAM4",
              "reason": "AWS Custom resource provider framework-role created by cdk.",
            },
            Object {
              "id": "AwsSolutions-IAM5",
              "reason": "Allows only specific policy.",
            },
          ],
        },
      },
      "Properties": Object {
        "AssumeRolePolicyDocument": Object {
          "Statement": Array [
            Object {
              "Action": "sts:AssumeRole",
              "Effect": "Allow",
              "Principal": Object {
                "Service": "lambda.amazonaws.com",
              },
            },
          ],
          "Version": "2012-10-17",
        },
        "ManagedPolicyArns": Array [
          Object {
            "Fn::Join": Array [
              "",
              Array [
                "arn:",
                Object {
                  "Ref": "AWS::Partition",
                },
                ":iam::aws:policy/service-role/AWSLambdaBasicExecutionRole",
              ],
            ],
          },
        ],
      },
      "Type": "AWS::IAM::Role",
    },
    "RevertScpChangesRevertScpChangesFunctionServiceRoleDefaultPolicyF3C3ECD9": Object {
      "Metadata": Object {
        "cdk_nag": Object {
          "rules_to_suppress": Array [
            Object {
              "id": "AwsSolutions-IAM5",
              "reason": "Allows only specific policy.",
            },
          ],
        },
      },
      "Properties": Object {
        "PolicyDocument": Object {
          "Statement": Array [
            Object {
              "Action": Array [
                "kms:Encrypt",
                "kms:GenerateDataKey",
              ],
              "Effect": "Allow",
              "Resource": "*",
              "Sid": "kmsEncryptMessage",
            },
            Object {
              "Action": Array [
                "organizations:AttachPolicy",
                "organizations:DetachPolicy",
                "organizations:DescribePolicy",
                "organizations:ListAccounts",
                "organizations:ListRoots",
                "organizations:ListOrganizationalUnitsForParent",
                "organizations:UpdatePolicy",
              ],
              "Effect": "Allow",
              "Resource": "*",
              "Sid": "OrgPolicyUpdate",
            },
            Object {
              "Action": "sns:Publish",
              "Effect": "Allow",
              "Resource": Object {
                "Fn::Join": Array [
                  "",
                  Array [
                    "arn:",
                    Object {
                      "Ref": "AWS::Partition",
                    },
                    ":sns:us-east-1:111111111111:aws-accelerator-Security",
                  ],
                ],
              },
              "Sid": "snsPublishMessage",
            },
          ],
          "Version": "2012-10-17",
        },
        "PolicyName": "RevertScpChangesRevertScpChangesFunctionServiceRoleDefaultPolicyF3C3ECD9",
        "Roles": Array [
          Object {
            "Ref": "RevertScpChangesRevertScpChangesFunctionServiceRole4F571613",
          },
        ],
      },
      "Type": "AWS::IAM::Policy",
    },
    "SecurityHubServiceLinkedRole": Object {
      "Properties": Object {
        "AWSServiceName": "securityhub.amazonaws.com",
        "Description": "A service-linked role required for AWS Security Hub to access your resources.",
      },
      "Type": "AWS::IAM::ServiceLinkedRole",
    },
    "SsmParamAcceleratorVersionFF83282D": Object {
      "Properties": Object {
        "Name": "/accelerator/AWSAccelerator-AccountsStack-111111111111-us-east-1/version",
        "Type": "String",
        "Value": "1.3.0",
      },
      "Type": "AWS::SSM::Parameter",
    },
    "SsmParamQuarantineScpPolicyId88188E20": Object {
      "Properties": Object {
        "Name": "/accelerator/organizations/scp/Quarantine/id",
        "Type": "String",
        "Value": Object {
          "Ref": "Quarantine23FF09FE",
        },
      },
      "Type": "AWS::SSM::Parameter",
    },
    "SsmParamStackId521A78D3": Object {
      "Properties": Object {
        "Name": "/accelerator/AWSAccelerator-AccountsStack-111111111111-us-east-1/stack-id",
        "Type": "String",
        "Value": Object {
          "Ref": "AWS::StackId",
        },
      },
      "Type": "AWS::SSM::Parameter",
    },
    "enablePolicyTypeScpB4BC96BE": Object {
      "DeletionPolicy": "Delete",
      "DependsOn": Array [
        "CustomEnablePolicyTypeCustomResourceProviderLogGroup81BE8EF5",
      ],
      "Properties": Object {
        "ServiceToken": Object {
          "Fn::GetAtt": Array [
            "CustomEnablePolicyTypeCustomResourceProviderHandlerC244F9E1",
            "Arn",
          ],
        },
        "partition": Object {
          "Ref": "AWS::Partition",
        },
        "policyType": "SERVICE_CONTROL_POLICY",
      },
      "Type": "Custom::EnablePolicyType",
      "UpdateReplacePolicy": "Delete",
    },
  },
}
`;
