// Jest Snapshot v1, https://goo.gl/fbAQLP

exports[`ApplicationsStack Construct(ApplicationsStack):  Snapshot Test 1`] = `
Object {
  "Resources": Object {
    "SsmParamAcceleratorVersionFF83282D": Object {
      "Properties": Object {
        "Name": "/accelerator/AWSAccelerator-CustomizationsStack-444444444444-us-east-1/version",
        "Type": "String",
        "Value": "1.3.0",
      },
      "Type": "AWS::SSM::Parameter",
    },
    "SsmParamStackId521A78D3": Object {
      "Properties": Object {
        "Name": "/accelerator/AWSAccelerator-CustomizationsStack-444444444444-us-east-1/stack-id",
        "Type": "String",
        "Value": Object {
          "Ref": "AWS::StackId",
        },
      },
      "Type": "AWS::SSM::Parameter",
    },
  },
}
`;
