// Jest Snapshot v1, https://goo.gl/fbAQLP

exports[`KeyStack Construct(KeyStack):  Snapshot Test 1`] = `
Object {
  "Resources": Object {
    "AcceleratorKeyAlias692B87F4": Object {
      "Properties": Object {
        "AliasName": "alias/accelerator/kms/key",
        "TargetKeyId": Object {
          "Fn::GetAtt": Array [
            "AcceleratorKeyF6E5723B",
            "Arn",
          ],
        },
      },
      "Type": "AWS::KMS::Alias",
    },
    "AcceleratorKeyF6E5723B": Object {
      "DeletionPolicy": "Retain",
      "Properties": Object {
        "Description": "AWS Accelerator Kms Key",
        "EnableKeyRotation": true,
        "KeyPolicy": Object {
          "Statement": Array [
            Object {
              "Action": "kms:*",
              "Effect": "Allow",
              "Principal": Object {
                "AWS": Object {
                  "Fn::Join": Array [
                    "",
                    Array [
                      "arn:",
                      Object {
                        "Ref": "AWS::Partition",
                      },
                      ":iam::222222222222:root",
                    ],
                  ],
                },
              },
              "Resource": "*",
            },
            Object {
              "Action": Array [
                "kms:Encrypt",
                "kms:Decrypt",
                "kms:ReEncrypt*",
                "kms:GenerateDataKey*",
                "kms:DescribeKey",
              ],
              "Condition": Object {
                "ArnLike": Object {
                  "aws:PrincipalARN": Array [
                    Object {
                      "Fn::Join": Array [
                        "",
                        Array [
                          "arn:",
                          Object {
                            "Ref": "AWS::Partition",
                          },
                          ":iam::*:role/AWSAccelerator-*",
                        ],
                      ],
                    },
                  ],
                },
                "StringEquals": Object {
                  "aws:PrincipalOrgID": Object {
                    "Ref": "Organization29A5FC3F",
                  },
                },
              },
              "Effect": "Allow",
              "Principal": Object {
                "AWS": "*",
              },
              "Resource": "*",
              "Sid": "Allow Accelerator Role to use the encryption key",
            },
            Object {
              "Action": Array [
                "kms:Encrypt*",
                "kms:Decrypt*",
                "kms:ReEncrypt*",
                "kms:GenerateDataKey*",
                "kms:Describe*",
              ],
              "Condition": Object {
                "ArnLike": Object {
                  "kms:EncryptionContext:aws:logs:arn": Object {
                    "Fn::Join": Array [
                      "",
                      Array [
                        "arn:",
                        Object {
                          "Ref": "AWS::Partition",
                        },
                        ":logs:us-east-1:*:log-group:*",
                      ],
                    ],
                  },
                },
              },
              "Effect": "Allow",
              "Principal": Object {
                "Service": Object {
                  "Fn::Join": Array [
                    "",
                    Array [
                      "logs.us-east-1.",
                      Object {
                        "Ref": "AWS::URLSuffix",
                      },
                    ],
                  ],
                },
              },
              "Resource": "*",
              "Sid": "Allow Cloudwatch logs to use the encryption key",
            },
            Object {
              "Action": "kms:CreateGrant",
              "Condition": Object {
                "Bool": Object {
                  "kms:GrantIsForAWSResource": "true",
                },
                "StringLike": Object {
                  "aws:PrincipalOrgID": Object {
                    "Ref": "Organization29A5FC3F",
                  },
                  "kms:ViaService": "auditmanager.*.amazonaws.com",
                },
              },
              "Effect": "Allow",
              "Principal": Object {
                "AWS": "*",
              },
              "Resource": "*",
              "Sid": "Allow Audit Manager service to provision encryption key grants",
            },
            Object {
              "Action": Array [
                "kms:Encrypt",
                "kms:Decrypt",
                "kms:ReEncrypt*",
                "kms:GenerateDataKey*",
                "kms:DescribeKey",
              ],
              "Effect": "Allow",
              "Principal": Object {
                "Service": "sns.amazonaws.com",
              },
              "Resource": "*",
              "Sid": "Allow Sns service to use the encryption key",
            },
            Object {
              "Action": Array [
                "kms:Encrypt",
                "kms:Decrypt",
                "kms:ReEncrypt*",
                "kms:GenerateDataKey*",
                "kms:DescribeKey",
              ],
              "Effect": "Allow",
              "Principal": Object {
                "Service": "lambda.amazonaws.com",
              },
              "Resource": "*",
              "Sid": "Allow Lambda service to use the encryption key",
            },
            Object {
              "Action": Array [
                "kms:Encrypt",
                "kms:Decrypt",
                "kms:ReEncrypt*",
                "kms:GenerateDataKey*",
                "kms:DescribeKey",
              ],
              "Effect": "Allow",
              "Principal": Object {
                "Service": "cloudwatch.amazonaws.com",
              },
              "Resource": "*",
              "Sid": "Allow Cloudwatch service to use the encryption key",
            },
            Object {
              "Action": Array [
                "kms:Encrypt",
                "kms:Decrypt",
                "kms:ReEncrypt*",
                "kms:GenerateDataKey*",
                "kms:DescribeKey",
              ],
              "Effect": "Allow",
              "Principal": Object {
                "Service": "sqs.amazonaws.com",
              },
              "Resource": "*",
              "Sid": "Allow Sqs service to use the encryption key",
            },
            Object {
              "Action": Array [
                "kms:Encrypt",
                "kms:Decrypt",
                "kms:ReEncrypt*",
                "kms:GenerateDataKey*",
                "kms:DescribeKey",
              ],
              "Effect": "Allow",
              "Principal": Object {
                "Service": "macie.amazonaws.com",
              },
              "Resource": "*",
              "Sid": "Allow Macie service to use the encryption key",
            },
            Object {
              "Action": Array [
                "kms:Encrypt",
                "kms:Decrypt",
                "kms:ReEncrypt*",
                "kms:GenerateDataKey*",
                "kms:DescribeKey",
              ],
              "Effect": "Allow",
              "Principal": Object {
                "Service": "guardduty.amazonaws.com",
              },
              "Resource": "*",
              "Sid": "Allow Guardduty service to use the encryption key",
            },
            Object {
              "Action": Array [
                "kms:Encrypt",
                "kms:Decrypt",
                "kms:ReEncrypt*",
                "kms:GenerateDataKey*",
                "kms:DescribeKey",
              ],
              "Effect": "Allow",
              "Principal": Object {
                "Service": "auditmanager.amazonaws.com",
              },
              "Resource": "*",
              "Sid": "Allow AuditManager service to use the encryption key",
            },
          ],
          "Version": "2012-10-17",
        },
      },
      "Type": "AWS::KMS::Key",
      "UpdateReplacePolicy": "Retain",
    },
    "AcceleratorKmsArnParameter5898E452": Object {
      "Properties": Object {
        "Name": "/accelerator/kms/key-arn",
        "Type": "String",
        "Value": Object {
          "Fn::GetAtt": Array [
            "AcceleratorKeyF6E5723B",
            "Arn",
          ],
        },
      },
      "Type": "AWS::SSM::Parameter",
    },
    "CrossAccountAcceleratorSsmParamAccessRoleEC51D0AC": Object {
      "Metadata": Object {
        "cdk_nag": Object {
          "rules_to_suppress": Array [
            Object {
              "id": "AwsSolutions-IAM5",
              "reason": "This policy is required to give access to ssm parameters in every region where accelerator deployed. Various accelerator roles need permission to describe SSM parameters.",
            },
          ],
        },
      },
      "Properties": Object {
        "AssumeRolePolicyDocument": Object {
          "Statement": Array [
            Object {
              "Action": "sts:AssumeRole",
              "Condition": Object {
                "StringEquals": Object {
                  "aws:PrincipalOrgID": Object {
                    "Ref": "Organization29A5FC3F",
                  },
                },
              },
              "Effect": "Allow",
              "Principal": Object {
                "AWS": "*",
              },
            },
          ],
          "Version": "2012-10-17",
        },
        "Policies": Array [
          Object {
            "PolicyDocument": Object {
              "Statement": Array [
                Object {
                  "Action": Array [
                    "ssm:GetParameters",
                    "ssm:GetParameter",
                  ],
                  "Condition": Object {
                    "ArnLike": Object {
                      "aws:PrincipalARN": Array [
                        Object {
                          "Fn::Join": Array [
                            "",
                            Array [
                              "arn:",
                              Object {
                                "Ref": "AWS::Partition",
                              },
                              ":iam::*:role/AWSAccelerator-*",
                            ],
                          ],
                        },
                      ],
                    },
                    "StringEquals": Object {
                      "aws:PrincipalOrgID": Object {
                        "Ref": "Organization29A5FC3F",
                      },
                    },
                  },
                  "Effect": "Allow",
                  "Resource": Array [
                    Object {
                      "Fn::Join": Array [
                        "",
                        Array [
                          "arn:",
                          Object {
                            "Ref": "AWS::Partition",
                          },
                          ":ssm:*:222222222222:parameter/accelerator/kms/key-arn",
                        ],
                      ],
                    },
                    Object {
                      "Fn::Join": Array [
                        "",
                        Array [
                          "arn:",
                          Object {
                            "Ref": "AWS::Partition",
                          },
                          ":ssm:*:222222222222:parameter/accelerator/kms/s3/key-arn",
                        ],
                      ],
                    },
                  ],
                },
                Object {
                  "Action": "ssm:DescribeParameters",
                  "Condition": Object {
                    "ArnLike": Object {
                      "aws:PrincipalARN": Array [
                        Object {
                          "Fn::Join": Array [
                            "",
                            Array [
                              "arn:",
                              Object {
                                "Ref": "AWS::Partition",
                              },
                              ":iam::*:role/AWSAccelerator-*",
                            ],
                          ],
                        },
                      ],
                    },
                    "StringEquals": Object {
                      "aws:PrincipalOrgID": Object {
                        "Ref": "Organization29A5FC3F",
                      },
                    },
                  },
                  "Effect": "Allow",
                  "Resource": "*",
                },
              ],
              "Version": "2012-10-17",
            },
            "PolicyName": "default",
          },
        ],
        "RoleName": "AWSAccelerator-CrossAccount-SsmParameter-Role",
      },
      "Type": "AWS::IAM::Role",
    },
    "CustomOrganizationsDescribeOrganizationCustomResourceProviderHandler4C6F49D1": Object {
      "DependsOn": Array [
        "CustomOrganizationsDescribeOrganizationCustomResourceProviderRole775854D5",
      ],
      "Properties": Object {
        "Code": Object {
          "S3Bucket": "cdk-hnb659fds-assets-222222222222-us-east-1",
          "S3Key": "REPLACED-GENERATED-NAME.zip",
        },
        "Handler": "__entrypoint__.handler",
        "MemorySize": 128,
        "Role": Object {
          "Fn::GetAtt": Array [
            "CustomOrganizationsDescribeOrganizationCustomResourceProviderRole775854D5",
            "Arn",
          ],
        },
        "Runtime": "nodejs14.x",
        "Timeout": 900,
      },
      "Type": "AWS::Lambda::Function",
    },
    "CustomOrganizationsDescribeOrganizationCustomResourceProviderRole775854D5": Object {
      "Properties": Object {
        "AssumeRolePolicyDocument": Object {
          "Statement": Array [
            Object {
              "Action": "sts:AssumeRole",
              "Effect": "Allow",
              "Principal": Object {
                "Service": "lambda.amazonaws.com",
              },
            },
          ],
          "Version": "2012-10-17",
        },
        "ManagedPolicyArns": Array [
          Object {
            "Fn::Sub": "arn:\${AWS::Partition}:iam::aws:policy/service-role/AWSLambdaBasicExecutionRole",
          },
        ],
        "Policies": Array [
          Object {
            "PolicyDocument": Object {
              "Statement": Array [
                Object {
                  "Action": Array [
                    "organizations:DescribeOrganization",
                  ],
                  "Effect": "Allow",
                  "Resource": "*",
                },
              ],
              "Version": "2012-10-17",
            },
            "PolicyName": "Inline",
          },
        ],
      },
      "Type": "AWS::IAM::Role",
    },
    "Organization29A5FC3F": Object {
      "DeletionPolicy": "Delete",
      "Properties": Object {
        "ServiceToken": Object {
          "Fn::GetAtt": Array [
            "CustomOrganizationsDescribeOrganizationCustomResourceProviderHandler4C6F49D1",
            "Arn",
          ],
        },
        "partition": Object {
          "Ref": "AWS::Partition",
        },
      },
      "Type": "Custom::DescribeOrganization",
      "UpdateReplacePolicy": "Delete",
    },
    "SsmParamAcceleratorVersionFF83282D": Object {
      "Properties": Object {
        "Name": "/accelerator/AWSAccelerator-KeyStack-222222222222-us-east-1/version",
        "Type": "String",
        "Value": "1.3.0",
      },
      "Type": "AWS::SSM::Parameter",
    },
    "SsmParamStackId521A78D3": Object {
      "Properties": Object {
        "Name": "/accelerator/AWSAccelerator-KeyStack-222222222222-us-east-1/stack-id",
        "Type": "String",
        "Value": Object {
          "Ref": "AWS::StackId",
        },
      },
      "Type": "AWS::SSM::Parameter",
    },
  },
}
`;
