// Jest Snapshot v1, https://goo.gl/fbAQLP

exports[`TesterPipelineStack Construct(TesterPipelineStack):  Snapshot Test 1`] = `
Object {
  "Parameters": Object {
    "SsmParameterValueacceleratorawsacceleratorinstalleraccesslogsbucketnameC96584B6F00A464EAD1953AFF4B05118Parameter": Object {
      "Default": "/accelerator/aws-accelerator/installer-access-logs-bucket-name",
      "Type": "AWS::SSM::Parameter::Value<String>",
    },
    "SsmParameterValueacceleratorawsacceleratorinstallerkmskeyarnC96584B6F00A464EAD1953AFF4B05118Parameter": Object {
      "Default": "/accelerator/aws-accelerator/installer/kms/key-arn",
      "Type": "AWS::SSM::Parameter::Value<String>",
    },
  },
  "Resources": Object {
    "TesterPipeline69BAAE53": Object {
      "DependsOn": Array [
        "TesterPipelinePipelineRoleDefaultPolicyFC1B0BBB",
        "TesterPipelinePipelineRoleBF82DB14",
      ],
      "Properties": Object {
        "ArtifactStore": Object {
          "EncryptionKey": Object {
            "Id": Object {
              "Ref": "SsmParameterValueacceleratorawsacceleratorinstallerkmskeyarnC96584B6F00A464EAD1953AFF4B05118Parameter",
            },
            "Type": "KMS",
          },
          "Location": Object {
            "Ref": "TesterPipelineSecureBucket8740FCE8",
          },
          "Type": "S3",
        },
        "Name": "aws-accelerator-tester-pipeline",
        "RoleArn": Object {
          "Fn::GetAtt": Array [
            "TesterPipelinePipelineRoleBF82DB14",
            "Arn",
          ],
        },
        "Stages": Array [
          Object {
            "Actions": Array [
              Object {
                "ActionTypeId": Object {
                  "Category": "Source",
                  "Owner": "AWS",
                  "Provider": "CodeCommit",
                  "Version": "1",
                },
                "Configuration": Object {
                  "BranchName": "main",
                  "PollForSourceChanges": false,
                  "RepositoryName": "accelerator-source",
                },
                "Name": "Source",
                "OutputArtifacts": Array [
                  Object {
                    "Name": "Source",
                  },
                ],
                "RoleArn": Object {
                  "Fn::GetAtt": Array [
                    "TesterPipelineSourceCodePipelineActionRole1C0E642C",
                    "Arn",
                  ],
                },
                "RunOrder": 1,
              },
              Object {
                "ActionTypeId": Object {
                  "Category": "Source",
                  "Owner": "AWS",
                  "Provider": "CodeCommit",
                  "Version": "1",
                },
                "Configuration": Object {
                  "BranchName": "main",
                  "PollForSourceChanges": false,
                  "RepositoryName": Object {
                    "Fn::GetAtt": Array [
                      "TesterPipelineConfigRepositoryC9B47F16",
                      "Name",
                    ],
                  },
                },
                "Name": "Configuration",
                "OutputArtifacts": Array [
                  Object {
                    "Name": "Config",
                  },
                ],
                "RoleArn": Object {
                  "Fn::GetAtt": Array [
                    "TesterPipelineSourceConfigurationCodePipelineActionRole6DD3F86D",
                    "Arn",
                  ],
                },
                "RunOrder": 1,
              },
            ],
            "Name": "Source",
          },
          Object {
            "Actions": Array [
              Object {
                "ActionTypeId": Object {
                  "Category": "Build",
                  "Owner": "AWS",
                  "Provider": "CodeBuild",
                  "Version": "1",
                },
                "Configuration": Object {
                  "PrimarySource": "Source",
                  "ProjectName": Object {
                    "Ref": "TesterPipelineTesterProject3BEC9F5A",
                  },
                },
                "InputArtifacts": Array [
                  Object {
                    "Name": "Source",
                  },
                  Object {
                    "Name": "Config",
                  },
                ],
                "Name": "Deploy",
                "OutputArtifacts": Array [
                  Object {
                    "Name": "DeployOutput",
                  },
                ],
                "RoleArn": Object {
                  "Fn::GetAtt": Array [
                    "TesterPipelinePipelineRoleBF82DB14",
                    "Arn",
                  ],
                },
                "RunOrder": 1,
              },
            ],
            "Name": "Deploy",
          },
        ],
      },
      "Type": "AWS::CodePipeline::Pipeline",
    },
    "TesterPipelineConfigRepositoryC9B47F16": Object {
      "DeletionPolicy": "Retain",
      "Properties": Object {
        "Code": Object {
          "BranchName": "main",
          "S3": Object {
            "Bucket": Object {
              "Fn::Sub": "cdk-hnb659fds-assets-\${AWS::AccountId}-\${AWS::Region}",
            },
            "Key": "REPLACED-GENERATED-NAME.zip",
          },
        },
        "RepositoryDescription": "AWS Accelerator functional test configuration repository",
        "RepositoryName": "aws-accelerator-test-config",
      },
      "Type": "AWS::CodeCommit::Repository",
      "UpdateReplacePolicy": "Retain",
    },
    "TesterPipelineConfigRepositoryTesterPipelineStackTesterPipeline463CB8B6mainEventRuleB1B7F3DD": Object {
      "Properties": Object {
        "EventPattern": Object {
          "detail": Object {
            "event": Array [
              "referenceCreated",
              "referenceUpdated",
            ],
            "referenceName": Array [
              "main",
            ],
          },
          "detail-type": Array [
            "CodeCommit Repository State Change",
          ],
          "resources": Array [
            Object {
              "Fn::GetAtt": Array [
                "TesterPipelineConfigRepositoryC9B47F16",
                "Arn",
              ],
            },
          ],
          "source": Array [
            "aws.codecommit",
          ],
        },
        "State": "ENABLED",
        "Targets": Array [
          Object {
            "Arn": Object {
              "Fn::Join": Array [
                "",
                Array [
                  "arn:",
                  Object {
                    "Ref": "AWS::Partition",
                  },
                  ":codepipeline:",
                  Object {
                    "Ref": "AWS::Region",
                  },
                  ":",
                  Object {
                    "Ref": "AWS::AccountId",
                  },
                  ":",
                  Object {
                    "Ref": "TesterPipeline69BAAE53",
                  },
                ],
              ],
            },
            "Id": "Target0",
            "RoleArn": Object {
              "Fn::GetAtt": Array [
                "TesterPipelineEventsRoleC96AADF0",
                "Arn",
              ],
            },
          },
        ],
      },
      "Type": "AWS::Events::Rule",
    },
    "TesterPipelineDeployAdminRole3DA8CFF7": Object {
      "Metadata": Object {
        "cdk_nag": Object {
          "rules_to_suppress": Array [
            Object {
              "id": "AwsSolutions-IAM4",
              "reason": "Managed policies required for IAM role.",
            },
          ],
        },
      },
      "Properties": Object {
        "AssumeRolePolicyDocument": Object {
          "Statement": Array [
            Object {
              "Action": "sts:AssumeRole",
              "Effect": "Allow",
              "Principal": Object {
                "Service": "codebuild.amazonaws.com",
              },
            },
          ],
          "Version": "2012-10-17",
        },
        "ManagedPolicyArns": Array [
          Object {
            "Fn::Join": Array [
              "",
              Array [
                "arn:",
                Object {
                  "Ref": "AWS::Partition",
                },
                ":iam::aws:policy/AdministratorAccess",
              ],
            ],
          },
        ],
      },
      "Type": "AWS::IAM::Role",
    },
    "TesterPipelineDeployAdminRoleDefaultPolicy5D9BE98D": Object {
      "Metadata": Object {
        "cdk_nag": Object {
          "rules_to_suppress": Array [
            Object {
              "id": "AwsSolutions-IAM5",
              "reason": "IAM role requires wildcard permissions.",
            },
          ],
        },
      },
      "Properties": Object {
        "PolicyDocument": Object {
          "Statement": Array [
            Object {
              "Action": Array [
                "logs:CreateLogGroup",
                "logs:CreateLogStream",
                "logs:PutLogEvents",
              ],
              "Effect": "Allow",
              "Resource": Array [
                Object {
                  "Fn::Join": Array [
                    "",
                    Array [
                      "arn:",
                      Object {
                        "Ref": "AWS::Partition",
                      },
                      ":logs:",
                      Object {
                        "Ref": "AWS::Region",
                      },
                      ":",
                      Object {
                        "Ref": "AWS::AccountId",
                      },
                      ":log-group:/aws/codebuild/",
                      Object {
                        "Ref": "TesterPipelineTesterProject3BEC9F5A",
                      },
                    ],
                  ],
                },
                Object {
                  "Fn::Join": Array [
                    "",
                    Array [
                      "arn:",
                      Object {
                        "Ref": "AWS::Partition",
                      },
                      ":logs:",
                      Object {
                        "Ref": "AWS::Region",
                      },
                      ":",
                      Object {
                        "Ref": "AWS::AccountId",
                      },
                      ":log-group:/aws/codebuild/",
                      Object {
                        "Ref": "TesterPipelineTesterProject3BEC9F5A",
                      },
                      ":*",
                    ],
                  ],
                },
              ],
            },
            Object {
              "Action": Array [
                "codebuild:CreateReportGroup",
                "codebuild:CreateReport",
                "codebuild:UpdateReport",
                "codebuild:BatchPutTestCases",
                "codebuild:BatchPutCodeCoverages",
              ],
              "Effect": "Allow",
              "Resource": Object {
                "Fn::Join": Array [
                  "",
                  Array [
                    "arn:",
                    Object {
                      "Ref": "AWS::Partition",
                    },
                    ":codebuild:",
                    Object {
                      "Ref": "AWS::Region",
                    },
                    ":",
                    Object {
                      "Ref": "AWS::AccountId",
                    },
                    ":report-group/",
                    Object {
                      "Ref": "TesterPipelineTesterProject3BEC9F5A",
                    },
                    "-*",
                  ],
                ],
              },
            },
            Object {
              "Action": Array [
                "kms:Decrypt",
                "kms:Encrypt",
                "kms:ReEncrypt*",
                "kms:GenerateDataKey*",
              ],
              "Effect": "Allow",
              "Resource": Object {
                "Ref": "SsmParameterValueacceleratorawsacceleratorinstallerkmskeyarnC96584B6F00A464EAD1953AFF4B05118Parameter",
              },
            },
            Object {
              "Action": Array [
                "s3:GetObject*",
                "s3:GetBucket*",
                "s3:List*",
                "s3:DeleteObject*",
                "s3:PutObject",
                "s3:PutObjectLegalHold",
                "s3:PutObjectRetention",
                "s3:PutObjectTagging",
                "s3:PutObjectVersionTagging",
                "s3:Abort*",
              ],
              "Effect": "Allow",
              "Resource": Array [
                Object {
                  "Fn::GetAtt": Array [
                    "TesterPipelineSecureBucket8740FCE8",
                    "Arn",
                  ],
                },
                Object {
                  "Fn::Join": Array [
                    "",
                    Array [
                      Object {
                        "Fn::GetAtt": Array [
                          "TesterPipelineSecureBucket8740FCE8",
                          "Arn",
                        ],
                      },
                      "/*",
                    ],
                  ],
                },
              ],
            },
            Object {
              "Action": Array [
                "kms:Decrypt",
                "kms:DescribeKey",
                "kms:Encrypt",
                "kms:ReEncrypt*",
                "kms:GenerateDataKey*",
              ],
              "Effect": "Allow",
              "Resource": Object {
                "Ref": "SsmParameterValueacceleratorawsacceleratorinstallerkmskeyarnC96584B6F00A464EAD1953AFF4B05118Parameter",
              },
            },
          ],
          "Version": "2012-10-17",
        },
        "PolicyName": "TesterPipelineDeployAdminRoleDefaultPolicy5D9BE98D",
        "Roles": Array [
          Object {
            "Ref": "TesterPipelineDeployAdminRole3DA8CFF7",
          },
        ],
      },
      "Type": "AWS::IAM::Policy",
    },
    "TesterPipelineEventsRoleC96AADF0": Object {
      "Properties": Object {
        "AssumeRolePolicyDocument": Object {
          "Statement": Array [
            Object {
              "Action": "sts:AssumeRole",
              "Effect": "Allow",
              "Principal": Object {
                "Service": "events.amazonaws.com",
              },
            },
          ],
          "Version": "2012-10-17",
        },
      },
      "Type": "AWS::IAM::Role",
    },
    "TesterPipelineEventsRoleDefaultPolicy61DCBDBE": Object {
      "Properties": Object {
        "PolicyDocument": Object {
          "Statement": Array [
            Object {
              "Action": "codepipeline:StartPipelineExecution",
              "Effect": "Allow",
              "Resource": Object {
                "Fn::Join": Array [
                  "",
                  Array [
                    "arn:",
                    Object {
                      "Ref": "AWS::Partition",
                    },
                    ":codepipeline:",
                    Object {
                      "Ref": "AWS::Region",
                    },
                    ":",
                    Object {
                      "Ref": "AWS::AccountId",
                    },
                    ":",
                    Object {
                      "Ref": "TesterPipeline69BAAE53",
                    },
                  ],
                ],
              },
            },
          ],
          "Version": "2012-10-17",
        },
        "PolicyName": "TesterPipelineEventsRoleDefaultPolicy61DCBDBE",
        "Roles": Array [
          Object {
            "Ref": "TesterPipelineEventsRoleC96AADF0",
          },
        ],
      },
      "Type": "AWS::IAM::Policy",
    },
    "TesterPipelinePipelineRoleBF82DB14": Object {
      "Properties": Object {
        "AssumeRolePolicyDocument": Object {
          "Statement": Array [
            Object {
              "Action": "sts:AssumeRole",
              "Effect": "Allow",
              "Principal": Object {
                "Service": "codepipeline.amazonaws.com",
              },
            },
          ],
          "Version": "2012-10-17",
        },
      },
      "Type": "AWS::IAM::Role",
    },
    "TesterPipelinePipelineRoleDefaultPolicyFC1B0BBB": Object {
      "Metadata": Object {
        "cdk_nag": Object {
          "rules_to_suppress": Array [
            Object {
              "id": "AwsSolutions-IAM5",
              "reason": "IAM role requires wildcard permissions.",
            },
          ],
        },
      },
      "Properties": Object {
        "PolicyDocument": Object {
          "Statement": Array [
            Object {
              "Action": Array [
                "s3:GetObject*",
                "s3:GetBucket*",
                "s3:List*",
                "s3:DeleteObject*",
                "s3:PutObject",
                "s3:PutObjectLegalHold",
                "s3:PutObjectRetention",
                "s3:PutObjectTagging",
                "s3:PutObjectVersionTagging",
                "s3:Abort*",
              ],
              "Effect": "Allow",
              "Resource": Array [
                Object {
                  "Fn::GetAtt": Array [
                    "TesterPipelineSecureBucket8740FCE8",
                    "Arn",
                  ],
                },
                Object {
                  "Fn::Join": Array [
                    "",
                    Array [
                      Object {
                        "Fn::GetAtt": Array [
                          "TesterPipelineSecureBucket8740FCE8",
                          "Arn",
                        ],
                      },
                      "/*",
                    ],
                  ],
                },
              ],
            },
            Object {
              "Action": Array [
                "kms:Decrypt",
                "kms:DescribeKey",
                "kms:Encrypt",
                "kms:ReEncrypt*",
                "kms:GenerateDataKey*",
              ],
              "Effect": "Allow",
              "Resource": Object {
                "Ref": "SsmParameterValueacceleratorawsacceleratorinstallerkmskeyarnC96584B6F00A464EAD1953AFF4B05118Parameter",
              },
            },
            Object {
              "Action": "sts:AssumeRole",
              "Effect": "Allow",
              "Resource": Object {
                "Fn::GetAtt": Array [
                  "TesterPipelineSourceCodePipelineActionRole1C0E642C",
                  "Arn",
                ],
              },
            },
            Object {
              "Action": "sts:AssumeRole",
              "Effect": "Allow",
              "Resource": Object {
                "Fn::GetAtt": Array [
                  "TesterPipelineSourceConfigurationCodePipelineActionRole6DD3F86D",
                  "Arn",
                ],
              },
            },
            Object {
              "Action": "sts:AssumeRole",
              "Effect": "Allow",
              "Resource": Object {
                "Fn::GetAtt": Array [
                  "TesterPipelinePipelineRoleBF82DB14",
                  "Arn",
                ],
              },
            },
            Object {
              "Action": Array [
                "codebuild:BatchGetBuilds",
                "codebuild:StartBuild",
                "codebuild:StopBuild",
              ],
              "Effect": "Allow",
              "Resource": Object {
                "Fn::GetAtt": Array [
                  "TesterPipelineTesterProject3BEC9F5A",
                  "Arn",
                ],
              },
            },
          ],
          "Version": "2012-10-17",
        },
        "PolicyName": "TesterPipelinePipelineRoleDefaultPolicyFC1B0BBB",
        "Roles": Array [
          Object {
            "Ref": "TesterPipelinePipelineRoleBF82DB14",
          },
        ],
      },
      "Type": "AWS::IAM::Policy",
    },
    "TesterPipelineSecureBucket8740FCE8": Object {
      "DeletionPolicy": "Retain",
      "Properties": Object {
        "BucketEncryption": Object {
          "ServerSideEncryptionConfiguration": Array [
            Object {
              "ServerSideEncryptionByDefault": Object {
                "KMSMasterKeyID": Object {
                  "Ref": "SsmParameterValueacceleratorawsacceleratorinstallerkmskeyarnC96584B6F00A464EAD1953AFF4B05118Parameter",
                },
                "SSEAlgorithm": "aws:kms",
              },
            },
          ],
        },
        "BucketName": Object {
          "Fn::Join": Array [
            "",
            Array [
              "aws-accelerator-tester-",
              Object {
                "Ref": "AWS::AccountId",
              },
              "-",
              Object {
                "Ref": "AWS::Region",
              },
            ],
          ],
        },
        "LifecycleConfiguration": Object {
          "Rules": Array [
            Object {
              "AbortIncompleteMultipartUpload": Object {
                "DaysAfterInitiation": 1,
              },
              "ExpirationInDays": 1825,
              "ExpiredObjectDeleteMarker": false,
              "Id": Object {
                "Fn::Join": Array [
                  "",
                  Array [
                    "LifecycleRuleaws-accelerator-tester-",
                    Object {
                      "Ref": "AWS::AccountId",
                    },
                    "-",
                    Object {
                      "Ref": "AWS::Region",
                    },
                  ],
                ],
              },
              "NoncurrentVersionExpiration": Object {
                "NoncurrentDays": 1825,
              },
              "NoncurrentVersionTransitions": Array [
                Object {
                  "StorageClass": "DEEP_ARCHIVE",
                  "TransitionInDays": 366,
                },
              ],
              "Status": "Enabled",
              "Transitions": Array [
                Object {
                  "StorageClass": "DEEP_ARCHIVE",
                  "TransitionInDays": 365,
                },
              ],
            },
          ],
        },
        "LoggingConfiguration": Object {
          "DestinationBucketName": Object {
            "Ref": "SsmParameterValueacceleratorawsacceleratorinstalleraccesslogsbucketnameC96584B6F00A464EAD1953AFF4B05118Parameter",
          },
        },
        "OwnershipControls": Object {
          "Rules": Array [
            Object {
              "ObjectOwnership": "BucketOwnerPreferred",
            },
          ],
        },
        "PublicAccessBlockConfiguration": Object {
          "BlockPublicAcls": true,
          "BlockPublicPolicy": true,
          "IgnorePublicAcls": true,
          "RestrictPublicBuckets": true,
        },
        "VersioningConfiguration": Object {
          "Status": "Enabled",
        },
      },
      "Type": "AWS::S3::Bucket",
      "UpdateReplacePolicy": "Retain",
    },
    "TesterPipelineSecureBucketPolicyD3292C3A": Object {
      "Properties": Object {
        "Bucket": Object {
          "Ref": "TesterPipelineSecureBucket8740FCE8",
        },
        "PolicyDocument": Object {
          "Statement": Array [
            Object {
              "Action": "s3:*",
              "Condition": Object {
                "Bool": Object {
                  "aws:SecureTransport": "false",
                },
              },
              "Effect": "Deny",
              "Principal": Object {
                "AWS": "*",
              },
              "Resource": Array [
                Object {
                  "Fn::GetAtt": Array [
                    "TesterPipelineSecureBucket8740FCE8",
                    "Arn",
                  ],
                },
                Object {
                  "Fn::Join": Array [
                    "",
                    Array [
                      Object {
                        "Fn::GetAtt": Array [
                          "TesterPipelineSecureBucket8740FCE8",
                          "Arn",
                        ],
                      },
                      "/*",
                    ],
                  ],
                },
              ],
              "Sid": "deny-insecure-connections",
            },
          ],
          "Version": "2012-10-17",
        },
      },
      "Type": "AWS::S3::BucketPolicy",
    },
    "TesterPipelineSourceCodePipelineActionRole1C0E642C": Object {
      "Properties": Object {
        "AssumeRolePolicyDocument": Object {
          "Statement": Array [
            Object {
              "Action": "sts:AssumeRole",
              "Effect": "Allow",
              "Principal": Object {
                "AWS": Object {
                  "Fn::Join": Array [
                    "",
                    Array [
                      "arn:",
                      Object {
                        "Ref": "AWS::Partition",
                      },
                      ":iam::",
                      Object {
                        "Ref": "AWS::AccountId",
                      },
                      ":root",
                    ],
                  ],
                },
              },
            },
          ],
          "Version": "2012-10-17",
        },
      },
      "Type": "AWS::IAM::Role",
    },
    "TesterPipelineSourceCodePipelineActionRoleDefaultPolicy9AAA0DC1": Object {
      "Metadata": Object {
        "cdk_nag": Object {
          "rules_to_suppress": Array [
            Object {
              "id": "AwsSolutions-IAM5",
              "reason": "IAM role requires wildcard permissions.",
            },
          ],
        },
      },
      "Properties": Object {
        "PolicyDocument": Object {
          "Statement": Array [
            Object {
              "Action": Array [
                "s3:GetObject*",
                "s3:GetBucket*",
                "s3:List*",
                "s3:DeleteObject*",
                "s3:PutObject",
                "s3:PutObjectLegalHold",
                "s3:PutObjectRetention",
                "s3:PutObjectTagging",
                "s3:PutObjectVersionTagging",
                "s3:Abort*",
              ],
              "Effect": "Allow",
              "Resource": Array [
                Object {
                  "Fn::GetAtt": Array [
                    "TesterPipelineSecureBucket8740FCE8",
                    "Arn",
                  ],
                },
                Object {
                  "Fn::Join": Array [
                    "",
                    Array [
                      Object {
                        "Fn::GetAtt": Array [
                          "TesterPipelineSecureBucket8740FCE8",
                          "Arn",
                        ],
                      },
                      "/*",
                    ],
                  ],
                },
              ],
            },
            Object {
              "Action": Array [
                "kms:Decrypt",
                "kms:DescribeKey",
                "kms:Encrypt",
                "kms:ReEncrypt*",
                "kms:GenerateDataKey*",
              ],
              "Effect": "Allow",
              "Resource": Object {
                "Ref": "SsmParameterValueacceleratorawsacceleratorinstallerkmskeyarnC96584B6F00A464EAD1953AFF4B05118Parameter",
              },
            },
            Object {
              "Action": Array [
                "codecommit:GetBranch",
                "codecommit:GetCommit",
                "codecommit:UploadArchive",
                "codecommit:GetUploadArchiveStatus",
                "codecommit:CancelUploadArchive",
              ],
              "Effect": "Allow",
              "Resource": Object {
                "Fn::Join": Array [
                  "",
                  Array [
                    "arn:",
                    Object {
                      "Ref": "AWS::Partition",
                    },
                    ":codecommit:",
                    Object {
                      "Ref": "AWS::Region",
                    },
                    ":",
                    Object {
                      "Ref": "AWS::AccountId",
                    },
                    ":accelerator-source",
                  ],
                ],
              },
            },
          ],
          "Version": "2012-10-17",
        },
        "PolicyName": "TesterPipelineSourceCodePipelineActionRoleDefaultPolicy9AAA0DC1",
        "Roles": Array [
          Object {
            "Ref": "TesterPipelineSourceCodePipelineActionRole1C0E642C",
          },
        ],
      },
      "Type": "AWS::IAM::Policy",
    },
    "TesterPipelineSourceConfigurationCodePipelineActionRole6DD3F86D": Object {
      "Properties": Object {
        "AssumeRolePolicyDocument": Object {
          "Statement": Array [
            Object {
              "Action": "sts:AssumeRole",
              "Effect": "Allow",
              "Principal": Object {
                "AWS": Object {
                  "Fn::Join": Array [
                    "",
                    Array [
                      "arn:",
                      Object {
                        "Ref": "AWS::Partition",
                      },
                      ":iam::",
                      Object {
                        "Ref": "AWS::AccountId",
                      },
                      ":root",
                    ],
                  ],
                },
              },
            },
          ],
          "Version": "2012-10-17",
        },
      },
      "Type": "AWS::IAM::Role",
    },
    "TesterPipelineSourceConfigurationCodePipelineActionRoleDefaultPolicyCD0DC6AA": Object {
      "Metadata": Object {
        "cdk_nag": Object {
          "rules_to_suppress": Array [
            Object {
              "id": "AwsSolutions-IAM5",
              "reason": "IAM role requires wildcard permissions.",
            },
          ],
        },
      },
      "Properties": Object {
        "PolicyDocument": Object {
          "Statement": Array [
            Object {
              "Action": Array [
                "s3:GetObject*",
                "s3:GetBucket*",
                "s3:List*",
                "s3:DeleteObject*",
                "s3:PutObject",
                "s3:PutObjectLegalHold",
                "s3:PutObjectRetention",
                "s3:PutObjectTagging",
                "s3:PutObjectVersionTagging",
                "s3:Abort*",
              ],
              "Effect": "Allow",
              "Resource": Array [
                Object {
                  "Fn::GetAtt": Array [
                    "TesterPipelineSecureBucket8740FCE8",
                    "Arn",
                  ],
                },
                Object {
                  "Fn::Join": Array [
                    "",
                    Array [
                      Object {
                        "Fn::GetAtt": Array [
                          "TesterPipelineSecureBucket8740FCE8",
                          "Arn",
                        ],
                      },
                      "/*",
                    ],
                  ],
                },
              ],
            },
            Object {
              "Action": Array [
                "kms:Decrypt",
                "kms:DescribeKey",
                "kms:Encrypt",
                "kms:ReEncrypt*",
                "kms:GenerateDataKey*",
              ],
              "Effect": "Allow",
              "Resource": Object {
                "Ref": "SsmParameterValueacceleratorawsacceleratorinstallerkmskeyarnC96584B6F00A464EAD1953AFF4B05118Parameter",
              },
            },
            Object {
              "Action": Array [
                "codecommit:GetBranch",
                "codecommit:GetCommit",
                "codecommit:UploadArchive",
                "codecommit:GetUploadArchiveStatus",
                "codecommit:CancelUploadArchive",
              ],
              "Effect": "Allow",
              "Resource": Object {
                "Fn::GetAtt": Array [
                  "TesterPipelineConfigRepositoryC9B47F16",
                  "Arn",
                ],
              },
            },
          ],
          "Version": "2012-10-17",
        },
        "PolicyName": "TesterPipelineSourceConfigurationCodePipelineActionRoleDefaultPolicyCD0DC6AA",
        "Roles": Array [
          Object {
            "Ref": "TesterPipelineSourceConfigurationCodePipelineActionRole6DD3F86D",
          },
        ],
      },
      "Type": "AWS::IAM::Policy",
    },
    "TesterPipelineTesterProject3BEC9F5A": Object {
      "Metadata": Object {
        "cdk_nag": Object {
          "rules_to_suppress": Array [
            Object {
              "id": "AwsSolutions-CB3",
              "reason": "Pipeline tester project allow access to the Docker daemon.",
            },
          ],
        },
      },
      "Properties": Object {
        "Artifacts": Object {
          "Type": "CODEPIPELINE",
        },
        "Cache": Object {
          "Modes": Array [
            "LOCAL_SOURCE_CACHE",
          ],
          "Type": "LOCAL",
        },
        "EncryptionKey": Object {
          "Ref": "SsmParameterValueacceleratorawsacceleratorinstallerkmskeyarnC96584B6F00A464EAD1953AFF4B05118Parameter",
        },
        "Environment": Object {
          "ComputeType": "BUILD_GENERAL1_MEDIUM",
          "EnvironmentVariables": Array [
            Object {
              "Name": "NODE_OPTIONS",
              "Type": "PLAINTEXT",
              "Value": "--max_old_space_size=4096",
            },
            Object {
              "Name": "ACCELERATOR_REPOSITORY_NAME",
              "Type": "PLAINTEXT",
              "Value": "accelerator-source",
            },
            Object {
              "Name": "ACCELERATOR_REPOSITORY_BRANCH_NAME",
              "Type": "PLAINTEXT",
              "Value": "main",
            },
          ],
          "Image": "aws/codebuild/standard:5.0",
          "ImagePullCredentialsType": "CODEBUILD",
          "PrivilegedMode": true,
          "Type": "LINUX_CONTAINER",
        },
        "Name": "aws-accelerator-tester-project",
        "ServiceRole": Object {
          "Fn::GetAtt": Array [
            "TesterPipelineDeployAdminRole3DA8CFF7",
            "Arn",
          ],
        },
        "Source": Object {
          "BuildSpec": Object {
            "Fn::Join": Array [
              "",
              Array [
                "version: \\"0.2\\"
phases:
  install:
    runtime-versions:
      nodejs: 14
  build:
    commands:
      - cd source
      - yarn install
      - yarn lerna link
      - yarn build
      - cd packages/@aws-accelerator/tester
      - env
      - if [ ! -z \\"$MANAGEMENT_ACCOUNT_ID\\" ] && [ ! -z \\"$MANAGEMENT_ACCOUNT_ROLE_NAME\\" ]; then yarn run cdk deploy --require-approval never --context account=",
                Object {
                  "Ref": "AWS::AccountId",
                },
                " --context region=",
                Object {
                  "Ref": "AWS::Region",
                },
                " --context management-cross-account-role-name=AWSControlTowerExecution --context qualifier=aws-accelerator --context config-dir=$CODEBUILD_SRC_DIR_Config --context management-account-id=undefined --context management-account-role-name=AcceleratorAccountAccessRole; else yarn run cdk deploy --require-approval never --context account=",
                Object {
                  "Ref": "AWS::AccountId",
                },
                " --context region=",
                Object {
                  "Ref": "AWS::Region",
                },
                " --context management-cross-account-role-name=AWSControlTowerExecution --context config-dir=$CODEBUILD_SRC_DIR_Config; fi
",
              ],
            ],
          },
          "Type": "CODEPIPELINE",
        },
      },
      "Type": "AWS::CodeBuild::Project",
    },
  },
}
`;
