// Jest Snapshot v1, https://goo.gl/fbAQLP

exports[`Network Firewall Policy Construct(NetworkFirewallPolicy):  Snapshot Test 1`] = `
Object {
  "Resources": Object {
    "TestPolicyCC05E598": Object {
      "Properties": Object {
        "FirewallPolicy": Object {
          "StatefulEngineOptions": Object {
            "RuleOrder": "STRICT_ORDER",
          },
          "StatefulRuleGroupReferences": Array [
            Object {
              "Priority": 123,
              "ResourceArn": "arn:aws:network-firewall:us-east-1:222222222222:stateful-rulegroup/TestGroup",
            },
          ],
          "StatelessDefaultActions": Array [
            "aws:forward_to_sfe",
          ],
          "StatelessFragmentDefaultActions": Array [
            "aws:forward_to_sfe",
          ],
        },
        "FirewallPolicyName": "TestFirewallPolicy",
        "Tags": Array [
          Object {
            "Key": "Name",
            "Value": "TestFirewallPolicy",
          },
        ],
      },
      "Type": "AWS::NetworkFirewall::FirewallPolicy",
    },
  },
}
`;
