// Jest Snapshot v1, https://goo.gl/fbAQLP

exports[`DetectiveMembers Construct(DetectiveMembers):  Snapshot Test 1`] = `
Object {
  "Resources": Object {
    "CustomDetectiveCreateMembersCustomResourceProviderHandler0A0D060D": Object {
      "DependsOn": Array [
        "CustomDetectiveCreateMembersCustomResourceProviderRole90BCDD0D",
      ],
      "Properties": Object {
        "Code": Object {
          "S3Bucket": Object {
            "Fn::Sub": "cdk-hnb659fds-assets-\${AWS::AccountId}-\${AWS::Region}",
          },
          "S3Key": "REPLACED-GENERATED-NAME.zip",
        },
        "Handler": "__entrypoint__.handler",
        "MemorySize": 128,
        "Role": Object {
          "Fn::GetAtt": Array [
            "CustomDetectiveCreateMembersCustomResourceProviderRole90BCDD0D",
            "Arn",
          ],
        },
        "Runtime": "nodejs14.x",
        "Timeout": 900,
      },
      "Type": "AWS::Lambda::Function",
    },
    "CustomDetectiveCreateMembersCustomResourceProviderLogGroup8A5563BD": Object {
      "DeletionPolicy": "Retain",
      "Properties": Object {
        "KmsKeyId": Object {
          "Fn::GetAtt": Array [
            "CustomKey1E6D0D07",
            "Arn",
          ],
        },
        "LogGroupName": Object {
          "Fn::Join": Array [
            "",
            Array [
              "/aws/lambda/",
              Object {
                "Ref": "CustomDetectiveCreateMembersCustomResourceProviderHandler0A0D060D",
              },
            ],
          ],
        },
        "RetentionInDays": 3653,
      },
      "Type": "AWS::Logs::LogGroup",
      "UpdateReplacePolicy": "Retain",
    },
    "CustomDetectiveCreateMembersCustomResourceProviderRole90BCDD0D": Object {
      "Properties": Object {
        "AssumeRolePolicyDocument": Object {
          "Statement": Array [
            Object {
              "Action": "sts:AssumeRole",
              "Effect": "Allow",
              "Principal": Object {
                "Service": "lambda.amazonaws.com",
              },
            },
          ],
          "Version": "2012-10-17",
        },
        "ManagedPolicyArns": Array [
          Object {
            "Fn::Sub": "arn:\${AWS::Partition}:iam::aws:policy/service-role/AWSLambdaBasicExecutionRole",
          },
        ],
        "Policies": Array [
          Object {
            "PolicyDocument": Object {
              "Statement": Array [
                Object {
                  "Action": Array [
                    "detective:ListOrganizationAdminAccounts",
                    "detective:UpdateOrganizationConfiguration",
                    "detective:CreateMembers",
                    "detective:DeleteMembers",
                    "detective:DisassociateMembership",
                    "detective:ListMembers",
                    "detective:ListGraphs",
                  ],
                  "Effect": "Allow",
                  "Resource": "*",
                  "Sid": "DetectiveCreateMembersTaskDetectiveActions",
                },
                Object {
                  "Action": Array [
                    "iam:CreateServiceLinkedRole",
                  ],
                  "Effect": "Allow",
                  "Resource": Array [
                    "*",
                  ],
                  "Sid": "ServiceLinkedRoleDetective",
                },
                Object {
                  "Action": Array [
                    "organizations:ListAccounts",
                  ],
                  "Effect": "Allow",
                  "Resource": Array [
                    "*",
                  ],
                  "Sid": "OrganisationsListDetective",
                },
              ],
              "Version": "2012-10-17",
            },
            "PolicyName": "Inline",
          },
        ],
      },
      "Type": "AWS::IAM::Role",
    },
    "CustomKey1E6D0D07": Object {
      "DeletionPolicy": "Retain",
      "Properties": Object {
        "KeyPolicy": Object {
          "Statement": Array [
            Object {
              "Action": "kms:*",
              "Effect": "Allow",
              "Principal": Object {
                "AWS": Object {
                  "Fn::Join": Array [
                    "",
                    Array [
                      "arn:",
                      Object {
                        "Ref": "AWS::Partition",
                      },
                      ":iam::",
                      Object {
                        "Ref": "AWS::AccountId",
                      },
                      ":root",
                    ],
                  ],
                },
              },
              "Resource": "*",
            },
          ],
          "Version": "2012-10-17",
        },
      },
      "Type": "AWS::KMS::Key",
      "UpdateReplacePolicy": "Retain",
    },
    "DetectiveMembers42A16137": Object {
      "DeletionPolicy": "Delete",
      "DependsOn": Array [
        "CustomDetectiveCreateMembersCustomResourceProviderLogGroup8A5563BD",
      ],
      "Properties": Object {
        "ServiceToken": Object {
          "Fn::GetAtt": Array [
            "CustomDetectiveCreateMembersCustomResourceProviderHandler0A0D060D",
            "Arn",
          ],
        },
        "partition": Object {
          "Ref": "AWS::Partition",
        },
        "region": Object {
          "Ref": "AWS::Region",
        },
      },
      "Type": "Custom::DetectiveCreateMembers",
      "UpdateReplacePolicy": "Delete",
    },
  },
}
`;
