// Jest Snapshot v1, https://goo.gl/fbAQLP

exports[`Document Construct(Document):  Snapshot Test 1`] = `
Object {
  "Resources": Object {
    "Document7E43FA9A": Object {
      "Properties": Object {
        "Content": Object {},
        "DocumentType": "Automation",
        "Name": "DocumentName",
      },
      "Type": "AWS::SSM::Document",
    },
    "Key961B73FD": Object {
      "DeletionPolicy": "Retain",
      "Properties": Object {
        "KeyPolicy": Object {
          "Statement": Array [
            Object {
              "Action": "kms:*",
              "Effect": "Allow",
              "Principal": Object {
                "AWS": Object {
                  "Fn::Join": Array [
                    "",
                    Array [
                      "arn:",
                      Object {
                        "Ref": "AWS::Partition",
                      },
                      ":iam::",
                      Object {
                        "Ref": "AWS::AccountId",
                      },
                      ":root",
                    ],
                  ],
                },
              },
              "Resource": "*",
            },
          ],
          "Version": "2012-10-17",
        },
      },
      "Type": "AWS::KMS::Key",
      "UpdateReplacePolicy": "Retain",
    },
  },
}
`;
