// Jest Snapshot v1, https://goo.gl/fbAQLP

exports[`SsmSessionManagerSettings Construct(SsmSessionManagerSettings):  Snapshot Test 1`] = `
Object {
  "Resources": Object {
    "CustomSessionManagerLoggingCustomResourceProviderHandler4FE51699": Object {
      "DependsOn": Array [
        "CustomSessionManagerLoggingCustomResourceProviderRole1D8EE686",
      ],
      "Properties": Object {
        "Code": Object {
          "S3Bucket": Object {
            "Fn::Sub": "cdk-hnb659fds-assets-\${AWS::AccountId}-\${AWS::Region}",
          },
          "S3Key": "REPLACED-GENERATED-NAME.zip",
        },
        "Handler": "__entrypoint__.handler",
        "MemorySize": 128,
        "Role": Object {
          "Fn::GetAtt": Array [
            "CustomSessionManagerLoggingCustomResourceProviderRole1D8EE686",
            "Arn",
          ],
        },
        "Runtime": "nodejs14.x",
        "Timeout": 900,
      },
      "Type": "AWS::Lambda::Function",
    },
    "CustomSessionManagerLoggingCustomResourceProviderLogGroupF4E32979": Object {
      "DeletionPolicy": "Delete",
      "Properties": Object {
        "KmsKeyId": Object {
          "Fn::GetAtt": Array [
            "Key961B73FD",
            "Arn",
          ],
        },
        "LogGroupName": Object {
          "Fn::Join": Array [
            "",
            Array [
              "/aws/lambda/",
              Object {
                "Ref": "CustomSessionManagerLoggingCustomResourceProviderHandler4FE51699",
              },
            ],
          ],
        },
        "RetentionInDays": 3653,
      },
      "Type": "AWS::Logs::LogGroup",
      "UpdateReplacePolicy": "Delete",
    },
    "CustomSessionManagerLoggingCustomResourceProviderRole1D8EE686": Object {
      "Properties": Object {
        "AssumeRolePolicyDocument": Object {
          "Statement": Array [
            Object {
              "Action": "sts:AssumeRole",
              "Effect": "Allow",
              "Principal": Object {
                "Service": "lambda.amazonaws.com",
              },
            },
          ],
          "Version": "2012-10-17",
        },
        "ManagedPolicyArns": Array [
          Object {
            "Fn::Sub": "arn:\${AWS::Partition}:iam::aws:policy/service-role/AWSLambdaBasicExecutionRole",
          },
        ],
        "Policies": Array [
          Object {
            "PolicyDocument": Object {
              "Statement": Array [
                Object {
                  "Action": Array [
                    "ssm:DescribeDocument",
                    "ssm:CreateDocument",
                    "ssm:UpdateDocument",
                  ],
                  "Effect": "Allow",
                  "Resource": "*",
                },
              ],
              "Version": "2012-10-17",
            },
            "PolicyName": "Inline",
          },
        ],
      },
      "Type": "AWS::IAM::Role",
    },
    "CwKeyC5A32F94": Object {
      "DeletionPolicy": "Retain",
      "Properties": Object {
        "KeyPolicy": Object {
          "Statement": Array [
            Object {
              "Action": "kms:*",
              "Effect": "Allow",
              "Principal": Object {
                "AWS": Object {
                  "Fn::Join": Array [
                    "",
                    Array [
                      "arn:",
                      Object {
                        "Ref": "AWS::Partition",
                      },
                      ":iam::",
                      Object {
                        "Ref": "AWS::AccountId",
                      },
                      ":root",
                    ],
                  ],
                },
              },
              "Resource": "*",
            },
          ],
          "Version": "2012-10-17",
        },
      },
      "Type": "AWS::KMS::Key",
      "UpdateReplacePolicy": "Retain",
    },
    "Key961B73FD": Object {
      "DeletionPolicy": "Retain",
      "Properties": Object {
        "KeyPolicy": Object {
          "Statement": Array [
            Object {
              "Action": "kms:*",
              "Effect": "Allow",
              "Principal": Object {
                "AWS": Object {
                  "Fn::Join": Array [
                    "",
                    Array [
                      "arn:",
                      Object {
                        "Ref": "AWS::Partition",
                      },
                      ":iam::",
                      Object {
                        "Ref": "AWS::AccountId",
                      },
                      ":root",
                    ],
                  ],
                },
              },
              "Resource": "*",
            },
          ],
          "Version": "2012-10-17",
        },
      },
      "Type": "AWS::KMS::Key",
      "UpdateReplacePolicy": "Retain",
    },
    "SsmSessionManagerSettings24721AC9": Object {
      "DeletionPolicy": "Delete",
      "DependsOn": Array [
        "CustomSessionManagerLoggingCustomResourceProviderLogGroupF4E32979",
      ],
      "Properties": Object {
        "ServiceToken": Object {
          "Fn::GetAtt": Array [
            "CustomSessionManagerLoggingCustomResourceProviderHandler4FE51699",
            "Arn",
          ],
        },
        "cloudWatchEncryptionEnabled": true,
        "cloudWatchLogGroupName": Object {
          "Ref": "SsmSessionManagerSettingsSessionManagerCloudWatchLogGroup15AB5AE0",
        },
        "kmsKeyId": Object {
          "Ref": "SsmSessionManagerSettingsSessionManagerSessionKey23B7175C",
        },
        "s3BucketName": "bucketName",
        "s3EncryptionEnabled": true,
        "s3KeyPrefix": "prefix",
      },
      "Type": "Custom::SsmSessionManagerSettings",
      "UpdateReplacePolicy": "Delete",
    },
    "SsmSessionManagerSettingsSessionManagerCloudWatchLogGroup15AB5AE0": Object {
      "DeletionPolicy": "Retain",
      "Properties": Object {
        "KmsKeyId": Object {
          "Fn::GetAtt": Array [
            "CwKeyC5A32F94",
            "Arn",
          ],
        },
        "LogGroupName": "aws-accelerator-sessionmanager-logs",
        "RetentionInDays": 3653,
      },
      "Type": "AWS::Logs::LogGroup",
      "UpdateReplacePolicy": "Retain",
    },
    "SsmSessionManagerSettingsSessionManagerEC2InstanceProfile36B87210": Object {
      "Properties": Object {
        "InstanceProfileName": "AWSAccelerator-SessionManagerEc2Role-us-east-1",
        "Roles": Array [
          Object {
            "Ref": "SsmSessionManagerSettingsSessionManagerEC2Role83702F06",
          },
        ],
      },
      "Type": "AWS::IAM::InstanceProfile",
    },
    "SsmSessionManagerSettingsSessionManagerEC2Policy8ED295CA": Object {
      "Properties": Object {
        "Description": "",
        "ManagedPolicyName": "AWSAccelerator-SessionManagerLogging-us-east-1",
        "Path": "/",
        "PolicyDocument": Object {
          "Statement": Array [
            Object {
              "Action": Array [
                "ssmmessages:CreateControlChannel",
                "ssmmessages:CreateDataChannel",
                "ssmmessages:OpenControlChannel",
                "ssmmessages:OpenDataChannel",
                "ssm:UpdateInstanceInformation",
              ],
              "Effect": "Allow",
              "Resource": "*",
            },
            Object {
              "Action": "logs:DescribeLogGroups",
              "Effect": "Allow",
              "Resource": Object {
                "Fn::Join": Array [
                  "",
                  Array [
                    "arn:",
                    Object {
                      "Ref": "AWS::Partition",
                    },
                    ":logs:us-east-1:",
                    Object {
                      "Ref": "AWS::AccountId",
                    },
                    ":log-group:*",
                  ],
                ],
              },
              "Sid": "CloudWatchDescribe",
            },
            Object {
              "Action": Array [
                "logs:CreateLogStream",
                "logs:PutLogEvents",
                "logs:DescribeLogStreams",
                "logs:DescribeLogGroups",
              ],
              "Effect": "Allow",
              "Resource": Object {
                "Fn::Join": Array [
                  "",
                  Array [
                    "arn:",
                    Object {
                      "Ref": "AWS::Partition",
                    },
                    ":logs:us-east-1:",
                    Object {
                      "Ref": "AWS::AccountId",
                    },
                    ":log-group:aws-accelerator-sessionmanager-logs:*",
                  ],
                ],
              },
              "Sid": "CloudWatchLogs",
            },
            Object {
              "Action": Array [
                "s3:PutObject",
                "s3:PutObjectAcl",
              ],
              "Effect": "Allow",
              "Resource": Object {
                "Fn::Join": Array [
                  "",
                  Array [
                    "arn:",
                    Object {
                      "Ref": "AWS::Partition",
                    },
                    ":s3:::bucketName/prefix/*",
                  ],
                ],
              },
              "Sid": "S3CentralLogs",
            },
            Object {
              "Action": "s3:GetEncryptionConfiguration",
              "Effect": "Allow",
              "Resource": Object {
                "Fn::Join": Array [
                  "",
                  Array [
                    "arn:",
                    Object {
                      "Ref": "AWS::Partition",
                    },
                    ":s3:::bucketName",
                  ],
                ],
              },
              "Sid": "S3CentralLogsEncryptionConfig",
            },
            Object {
              "Action": Array [
                "kms:Decrypt",
                "kms:GenerateDataKey",
              ],
              "Effect": "Allow",
              "Resource": "arn",
              "Sid": "S3CentralLogsEncryption",
            },
            Object {
              "Action": "kms:Decrypt",
              "Effect": "Allow",
              "Resource": Object {
                "Fn::GetAtt": Array [
                  "SsmSessionManagerSettingsSessionManagerSessionKey23B7175C",
                  "Arn",
                ],
              },
            },
          ],
          "Version": "2012-10-17",
        },
      },
      "Type": "AWS::IAM::ManagedPolicy",
    },
    "SsmSessionManagerSettingsSessionManagerEC2Role83702F06": Object {
      "Properties": Object {
        "AssumeRolePolicyDocument": Object {
          "Statement": Array [
            Object {
              "Action": "sts:AssumeRole",
              "Effect": "Allow",
              "Principal": Object {
                "Service": Object {
                  "Fn::Join": Array [
                    "",
                    Array [
                      "ec2.",
                      Object {
                        "Ref": "AWS::URLSuffix",
                      },
                    ],
                  ],
                },
              },
            },
          ],
          "Version": "2012-10-17",
        },
        "Description": "IAM Role for an EC2 configured for Session Manager Logging",
        "ManagedPolicyArns": Array [
          Object {
            "Ref": "SsmSessionManagerSettingsSessionManagerEC2Policy8ED295CA",
          },
        ],
        "RoleName": "AWSAccelerator-SessionManagerEC2Role-us-east-1",
      },
      "Type": "AWS::IAM::Role",
    },
    "SsmSessionManagerSettingsSessionManagerSessionKey23B7175C": Object {
      "DeletionPolicy": "Retain",
      "Properties": Object {
        "Description": "AWS Accelerator Session Manager Session Encryption",
        "EnableKeyRotation": true,
        "KeyPolicy": Object {
          "Statement": Array [
            Object {
              "Action": "kms:*",
              "Effect": "Allow",
              "Principal": Object {
                "AWS": Object {
                  "Fn::Join": Array [
                    "",
                    Array [
                      "arn:",
                      Object {
                        "Ref": "AWS::Partition",
                      },
                      ":iam::",
                      Object {
                        "Ref": "AWS::AccountId",
                      },
                      ":root",
                    ],
                  ],
                },
              },
              "Resource": "*",
            },
          ],
          "Version": "2012-10-17",
        },
      },
      "Type": "AWS::KMS::Key",
      "UpdateReplacePolicy": "Retain",
    },
    "SsmSessionManagerSettingsSessionManagerSessionKeyAlias59E0224E": Object {
      "Properties": Object {
        "AliasName": "alias/accelerator/sessionmanager-logs/session",
        "TargetKeyId": Object {
          "Fn::GetAtt": Array [
            "SsmSessionManagerSettingsSessionManagerSessionKey23B7175C",
            "Arn",
          ],
        },
      },
      "Type": "AWS::KMS::Alias",
    },
    "SsmSessionManagerSettingsSessionManagerUserKMSPolicyFB96BB42": Object {
      "Properties": Object {
        "Description": "",
        "ManagedPolicyName": "AWSAccelerator-SessionManagerUserKMS-us-east-1",
        "Path": "/",
        "PolicyDocument": Object {
          "Statement": Array [
            Object {
              "Action": Array [
                "kms:Decrypt",
                "kms:GenerateDataKey",
              ],
              "Effect": "Allow",
              "Resource": Object {
                "Fn::GetAtt": Array [
                  "SsmSessionManagerSettingsSessionManagerSessionKey23B7175C",
                  "Arn",
                ],
              },
            },
          ],
          "Version": "2012-10-17",
        },
      },
      "Type": "AWS::IAM::ManagedPolicy",
    },
  },
}
`;
