// Jest Snapshot v1, https://goo.gl/fbAQLP

exports[`Account Construct(Account):  Snapshot Test 1`] = `
Object {
  "Resources": Object {
    "Account0D856946": Object {
      "DeletionPolicy": "Delete",
      "DependsOn": Array [
        "CustomInviteAccountsToOrganizationCustomResourceProviderLogGroup4B13FC0F",
      ],
      "Properties": Object {
        "ServiceToken": Object {
          "Fn::GetAtt": Array [
            "CustomInviteAccountsToOrganizationCustomResourceProviderHandlerC9A5BAC1",
            "Arn",
          ],
        },
        "assumeRoleName": "AWSControlTowerExecution",
        "commitId": "abcd123456789",
        "configTableName": Object {
          "Ref": "ConfigTable5CD72349",
        },
        "partition": Object {
          "Ref": "AWS::Partition",
        },
        "uuid": "REPLACED-UUID",
      },
      "Type": "Custom::InviteAccountsToOrganization",
      "UpdateReplacePolicy": "Delete",
    },
    "ConfigTable5CD72349": Object {
      "DeletionPolicy": "Retain",
      "Properties": Object {
        "AttributeDefinitions": Array [
          Object {
            "AttributeName": "dataType",
            "AttributeType": "S",
          },
        ],
        "KeySchema": Array [
          Object {
            "AttributeName": "dataType",
            "KeyType": "HASH",
          },
        ],
        "ProvisionedThroughput": Object {
          "ReadCapacityUnits": 5,
          "WriteCapacityUnits": 5,
        },
      },
      "Type": "AWS::DynamoDB::Table",
      "UpdateReplacePolicy": "Retain",
    },
    "CustomInviteAccountsToOrganizationCustomResourceProviderHandlerC9A5BAC1": Object {
      "DependsOn": Array [
        "CustomInviteAccountsToOrganizationCustomResourceProviderRole88663193",
      ],
      "Properties": Object {
        "Code": Object {
          "S3Bucket": Object {
            "Fn::Sub": "cdk-hnb659fds-assets-\${AWS::AccountId}-\${AWS::Region}",
          },
          "S3Key": "REPLACED-GENERATED-NAME.zip",
        },
        "Handler": "__entrypoint__.handler",
        "MemorySize": 128,
        "Role": Object {
          "Fn::GetAtt": Array [
            "CustomInviteAccountsToOrganizationCustomResourceProviderRole88663193",
            "Arn",
          ],
        },
        "Runtime": "nodejs14.x",
        "Timeout": 900,
      },
      "Type": "AWS::Lambda::Function",
    },
    "CustomInviteAccountsToOrganizationCustomResourceProviderLogGroup4B13FC0F": Object {
      "DeletionPolicy": "Delete",
      "Properties": Object {
        "KmsKeyId": Object {
          "Fn::GetAtt": Array [
            "CustomKey1E6D0D07",
            "Arn",
          ],
        },
        "LogGroupName": Object {
          "Fn::Join": Array [
            "",
            Array [
              "/aws/lambda/",
              Object {
                "Ref": "CustomInviteAccountsToOrganizationCustomResourceProviderHandlerC9A5BAC1",
              },
            ],
          ],
        },
        "RetentionInDays": 3653,
      },
      "Type": "AWS::Logs::LogGroup",
      "UpdateReplacePolicy": "Delete",
    },
    "CustomInviteAccountsToOrganizationCustomResourceProviderRole88663193": Object {
      "Properties": Object {
        "AssumeRolePolicyDocument": Object {
          "Statement": Array [
            Object {
              "Action": "sts:AssumeRole",
              "Effect": "Allow",
              "Principal": Object {
                "Service": "lambda.amazonaws.com",
              },
            },
          ],
          "Version": "2012-10-17",
        },
        "ManagedPolicyArns": Array [
          Object {
            "Fn::Sub": "arn:\${AWS::Partition}:iam::aws:policy/service-role/AWSLambdaBasicExecutionRole",
          },
        ],
        "Policies": Array [
          Object {
            "PolicyDocument": Object {
              "Statement": Array [
                Object {
                  "Action": Array [
                    "organizations:AcceptHandshake",
                    "organizations:ListAccounts",
                    "organizations:InviteAccountToOrganization",
                    "organizations:MoveAccount",
                    "organizations:ListRoots",
                  ],
                  "Effect": "Allow",
                  "Resource": "*",
                },
                Object {
                  "Action": Array [
                    "dynamodb:Query",
                  ],
                  "Effect": "Allow",
                  "Resource": Array [
                    Object {
                      "Fn::GetAtt": Array [
                        "ConfigTable5CD72349",
                        "Arn",
                      ],
                    },
                  ],
                },
                Object {
                  "Action": Array [
                    "sts:AssumeRole",
                  ],
                  "Effect": "Allow",
                  "Resource": Array [
                    Object {
                      "Fn::Join": Array [
                        "",
                        Array [
                          "arn:",
                          Object {
                            "Ref": "AWS::Partition",
                          },
                          ":iam::*:role/AWSControlTowerExecution",
                        ],
                      ],
                    },
                  ],
                },
              ],
              "Version": "2012-10-17",
            },
            "PolicyName": "Inline",
          },
        ],
      },
      "Type": "AWS::IAM::Role",
    },
    "CustomKey1E6D0D07": Object {
      "DeletionPolicy": "Retain",
      "Properties": Object {
        "KeyPolicy": Object {
          "Statement": Array [
            Object {
              "Action": "kms:*",
              "Effect": "Allow",
              "Principal": Object {
                "AWS": Object {
                  "Fn::Join": Array [
                    "",
                    Array [
                      "arn:",
                      Object {
                        "Ref": "AWS::Partition",
                      },
                      ":iam::",
                      Object {
                        "Ref": "AWS::AccountId",
                      },
                      ":root",
                    ],
                  ],
                },
              },
              "Resource": "*",
            },
          ],
          "Version": "2012-10-17",
        },
      },
      "Type": "AWS::KMS::Key",
      "UpdateReplacePolicy": "Retain",
    },
  },
}
`;
