// Jest Snapshot v1, https://goo.gl/fbAQLP

exports[`MoveAccounts Construct(MoveAccounts):  Snapshot Test 1`] = `
Object {
  "Resources": Object {
    "CustomCWLKey7119CF89": Object {
      "DeletionPolicy": "Retain",
      "Properties": Object {
        "KeyPolicy": Object {
          "Statement": Array [
            Object {
              "Action": "kms:*",
              "Effect": "Allow",
              "Principal": Object {
                "AWS": Object {
                  "Fn::Join": Array [
                    "",
                    Array [
                      "arn:",
                      Object {
                        "Ref": "AWS::Partition",
                      },
                      ":iam::",
                      Object {
                        "Ref": "AWS::AccountId",
                      },
                      ":root",
                    ],
                  ],
                },
              },
              "Resource": "*",
            },
          ],
          "Version": "2012-10-17",
        },
      },
      "Type": "AWS::KMS::Key",
      "UpdateReplacePolicy": "Retain",
    },
    "CustomLambdaKey2287F5A9": Object {
      "DeletionPolicy": "Retain",
      "Properties": Object {
        "KeyPolicy": Object {
          "Statement": Array [
            Object {
              "Action": "kms:*",
              "Effect": "Allow",
              "Principal": Object {
                "AWS": Object {
                  "Fn::Join": Array [
                    "",
                    Array [
                      "arn:",
                      Object {
                        "Ref": "AWS::Partition",
                      },
                      ":iam::",
                      Object {
                        "Ref": "AWS::AccountId",
                      },
                      ":root",
                    ],
                  ],
                },
              },
              "Resource": "*",
            },
          ],
          "Version": "2012-10-17",
        },
      },
      "Type": "AWS::KMS::Key",
      "UpdateReplacePolicy": "Retain",
    },
    "CustomTable90F1C476": Object {
      "DeletionPolicy": "Retain",
      "Properties": Object {
        "AttributeDefinitions": Array [
          Object {
            "AttributeName": "dataType",
            "AttributeType": "S",
          },
        ],
        "KeySchema": Array [
          Object {
            "AttributeName": "dataType",
            "KeyType": "HASH",
          },
        ],
        "ProvisionedThroughput": Object {
          "ReadCapacityUnits": 5,
          "WriteCapacityUnits": 5,
        },
      },
      "Type": "AWS::DynamoDB::Table",
      "UpdateReplacePolicy": "Retain",
    },
    "MoveAccounts99C70985": Object {
      "DeletionPolicy": "Delete",
      "Properties": Object {
        "ServiceToken": Object {
          "Fn::GetAtt": Array [
            "MoveAccountsMoveAccountsProviderframeworkonEvent5D4E26AA",
            "Arn",
          ],
        },
        "commitId": "sample-commit-id",
        "configTableName": Object {
          "Ref": "CustomTable90F1C476",
        },
        "globalRegion": "us-west-2",
        "stackName": "Default",
        "uuid": "REPLACED-UUID",
      },
      "Type": "Custom::MoveAccounts",
      "UpdateReplacePolicy": "Delete",
    },
    "MoveAccountsMoveAccountsFunctionD31A3773": Object {
      "DependsOn": Array [
        "MoveAccountsMoveAccountsFunctionServiceRoleDefaultPolicyB573AE3E",
        "MoveAccountsMoveAccountsFunctionServiceRoleADDE3D6B",
      ],
      "Properties": Object {
        "Code": Object {
          "S3Bucket": Object {
            "Fn::Sub": "cdk-hnb659fds-assets-\${AWS::AccountId}-\${AWS::Region}",
          },
          "S3Key": "REPLACED-GENERATED-NAME.zip",
        },
        "Description": "Moves accounts to conform account config",
        "Handler": "index.handler",
        "KmsKeyArn": Object {
          "Fn::GetAtt": Array [
            "CustomLambdaKey2287F5A9",
            "Arn",
          ],
        },
        "Role": Object {
          "Fn::GetAtt": Array [
            "MoveAccountsMoveAccountsFunctionServiceRoleADDE3D6B",
            "Arn",
          ],
        },
        "Runtime": "nodejs14.x",
        "Timeout": 150,
      },
      "Type": "AWS::Lambda::Function",
    },
    "MoveAccountsMoveAccountsFunctionLogGroupFAEDB078": Object {
      "DeletionPolicy": "Delete",
      "Properties": Object {
        "KmsKeyId": Object {
          "Fn::GetAtt": Array [
            "CustomCWLKey7119CF89",
            "Arn",
          ],
        },
        "LogGroupName": Object {
          "Fn::Join": Array [
            "",
            Array [
              "/aws/lambda/",
              Object {
                "Ref": "MoveAccountsMoveAccountsFunctionD31A3773",
              },
            ],
          ],
        },
        "RetentionInDays": 365,
      },
      "Type": "AWS::Logs::LogGroup",
      "UpdateReplacePolicy": "Delete",
    },
    "MoveAccountsMoveAccountsFunctionServiceRoleADDE3D6B": Object {
      "Properties": Object {
        "AssumeRolePolicyDocument": Object {
          "Statement": Array [
            Object {
              "Action": "sts:AssumeRole",
              "Effect": "Allow",
              "Principal": Object {
                "Service": "lambda.amazonaws.com",
              },
            },
          ],
          "Version": "2012-10-17",
        },
        "ManagedPolicyArns": Array [
          Object {
            "Fn::Join": Array [
              "",
              Array [
                "arn:",
                Object {
                  "Ref": "AWS::Partition",
                },
                ":iam::aws:policy/service-role/AWSLambdaBasicExecutionRole",
              ],
            ],
          },
        ],
      },
      "Type": "AWS::IAM::Role",
    },
    "MoveAccountsMoveAccountsFunctionServiceRoleDefaultPolicyB573AE3E": Object {
      "Properties": Object {
        "PolicyDocument": Object {
          "Statement": Array [
            Object {
              "Action": Array [
                "organizations:ListAccountsForParent",
                "organizations:ListRoots",
                "organizations:ListOrganizationalUnitsForParent",
                "organizations:MoveAccount",
              ],
              "Effect": "Allow",
              "Resource": "*",
              "Sid": "OrganizationsAccess",
            },
            Object {
              "Action": "dynamodb:Query",
              "Effect": "Allow",
              "Resource": Object {
                "Fn::GetAtt": Array [
                  "CustomTable90F1C476",
                  "Arn",
                ],
              },
              "Sid": "DynamodbTableAccess",
            },
            Object {
              "Action": "cloudformation:DescribeStacks",
              "Effect": "Allow",
              "Resource": Object {
                "Fn::Join": Array [
                  "",
                  Array [
                    "arn:",
                    Object {
                      "Ref": "AWS::Partition",
                    },
                    ":cloudformation:",
                    Object {
                      "Ref": "AWS::Region",
                    },
                    ":",
                    Object {
                      "Ref": "AWS::AccountId",
                    },
                    ":stack/Default*",
                  ],
                ],
              },
              "Sid": "CloudformationAccess",
            },
          ],
          "Version": "2012-10-17",
        },
        "PolicyName": "MoveAccountsMoveAccountsFunctionServiceRoleDefaultPolicyB573AE3E",
        "Roles": Array [
          Object {
            "Ref": "MoveAccountsMoveAccountsFunctionServiceRoleADDE3D6B",
          },
        ],
      },
      "Type": "AWS::IAM::Policy",
    },
    "MoveAccountsMoveAccountsProviderframeworkonEvent5D4E26AA": Object {
      "DependsOn": Array [
        "MoveAccountsMoveAccountsProviderframeworkonEventServiceRoleDefaultPolicy04895FAA",
        "MoveAccountsMoveAccountsProviderframeworkonEventServiceRoleB3998377",
      ],
      "Properties": Object {
        "Code": Object {
          "S3Bucket": Object {
            "Fn::Sub": "cdk-hnb659fds-assets-\${AWS::AccountId}-\${AWS::Region}",
          },
          "S3Key": "REPLACED-GENERATED-NAME.zip",
        },
        "Description": "AWS CDK resource provider framework - onEvent (Default/MoveAccounts/MoveAccountsProvider)",
        "Environment": Object {
          "Variables": Object {
            "USER_ON_EVENT_FUNCTION_ARN": Object {
              "Fn::GetAtt": Array [
                "MoveAccountsMoveAccountsFunctionD31A3773",
                "Arn",
              ],
            },
          },
        },
        "Handler": "framework.onEvent",
        "Role": Object {
          "Fn::GetAtt": Array [
            "MoveAccountsMoveAccountsProviderframeworkonEventServiceRoleB3998377",
            "Arn",
          ],
        },
        "Runtime": "nodejs14.x",
        "Timeout": 900,
      },
      "Type": "AWS::Lambda::Function",
    },
    "MoveAccountsMoveAccountsProviderframeworkonEventServiceRoleB3998377": Object {
      "Properties": Object {
        "AssumeRolePolicyDocument": Object {
          "Statement": Array [
            Object {
              "Action": "sts:AssumeRole",
              "Effect": "Allow",
              "Principal": Object {
                "Service": "lambda.amazonaws.com",
              },
            },
          ],
          "Version": "2012-10-17",
        },
        "ManagedPolicyArns": Array [
          Object {
            "Fn::Join": Array [
              "",
              Array [
                "arn:",
                Object {
                  "Ref": "AWS::Partition",
                },
                ":iam::aws:policy/service-role/AWSLambdaBasicExecutionRole",
              ],
            ],
          },
        ],
      },
      "Type": "AWS::IAM::Role",
    },
    "MoveAccountsMoveAccountsProviderframeworkonEventServiceRoleDefaultPolicy04895FAA": Object {
      "Properties": Object {
        "PolicyDocument": Object {
          "Statement": Array [
            Object {
              "Action": "lambda:InvokeFunction",
              "Effect": "Allow",
              "Resource": Array [
                Object {
                  "Fn::GetAtt": Array [
                    "MoveAccountsMoveAccountsFunctionD31A3773",
                    "Arn",
                  ],
                },
                Object {
                  "Fn::Join": Array [
                    "",
                    Array [
                      Object {
                        "Fn::GetAtt": Array [
                          "MoveAccountsMoveAccountsFunctionD31A3773",
                          "Arn",
                        ],
                      },
                      ":*",
                    ],
                  ],
                },
              ],
            },
          ],
          "Version": "2012-10-17",
        },
        "PolicyName": "MoveAccountsMoveAccountsProviderframeworkonEventServiceRoleDefaultPolicy04895FAA",
        "Roles": Array [
          Object {
            "Ref": "MoveAccountsMoveAccountsProviderframeworkonEventServiceRoleB3998377",
          },
        ],
      },
      "Type": "AWS::IAM::Policy",
    },
  },
}
`;
