// Jest Snapshot v1, https://goo.gl/fbAQLP

exports[`PolicyAttachment Construct(PolicyAttachment):  Snapshot Test 1`] = `
Object {
  "Resources": Object {
    "CustomKey1E6D0D07": Object {
      "DeletionPolicy": "Retain",
      "Properties": Object {
        "KeyPolicy": Object {
          "Statement": Array [
            Object {
              "Action": "kms:*",
              "Effect": "Allow",
              "Principal": Object {
                "AWS": Object {
                  "Fn::Join": Array [
                    "",
                    Array [
                      "arn:",
                      Object {
                        "Ref": "AWS::Partition",
                      },
                      ":iam::",
                      Object {
                        "Ref": "AWS::AccountId",
                      },
                      ":root",
                    ],
                  ],
                },
              },
              "Resource": "*",
            },
          ],
          "Version": "2012-10-17",
        },
      },
      "Type": "AWS::KMS::Key",
      "UpdateReplacePolicy": "Retain",
    },
    "CustomOrganizationsAttachPolicyCustomResourceProviderHandlerB3233202": Object {
      "DependsOn": Array [
        "CustomOrganizationsAttachPolicyCustomResourceProviderRole051E00A6",
      ],
      "Properties": Object {
        "Code": Object {
          "S3Bucket": Object {
            "Fn::Sub": "cdk-hnb659fds-assets-\${AWS::AccountId}-\${AWS::Region}",
          },
          "S3Key": "REPLACED-GENERATED-NAME.zip",
        },
        "Handler": "__entrypoint__.handler",
        "MemorySize": 128,
        "Role": Object {
          "Fn::GetAtt": Array [
            "CustomOrganizationsAttachPolicyCustomResourceProviderRole051E00A6",
            "Arn",
          ],
        },
        "Runtime": "nodejs14.x",
        "Timeout": 900,
      },
      "Type": "AWS::Lambda::Function",
    },
    "CustomOrganizationsAttachPolicyCustomResourceProviderLogGroup03FEC039": Object {
      "DeletionPolicy": "Delete",
      "Properties": Object {
        "KmsKeyId": Object {
          "Fn::GetAtt": Array [
            "CustomKey1E6D0D07",
            "Arn",
          ],
        },
        "LogGroupName": Object {
          "Fn::Join": Array [
            "",
            Array [
              "/aws/lambda/",
              Object {
                "Ref": "CustomOrganizationsAttachPolicyCustomResourceProviderHandlerB3233202",
              },
            ],
          ],
        },
        "RetentionInDays": 3653,
      },
      "Type": "AWS::Logs::LogGroup",
      "UpdateReplacePolicy": "Delete",
    },
    "CustomOrganizationsAttachPolicyCustomResourceProviderRole051E00A6": Object {
      "Properties": Object {
        "AssumeRolePolicyDocument": Object {
          "Statement": Array [
            Object {
              "Action": "sts:AssumeRole",
              "Effect": "Allow",
              "Principal": Object {
                "Service": "lambda.amazonaws.com",
              },
            },
          ],
          "Version": "2012-10-17",
        },
        "ManagedPolicyArns": Array [
          Object {
            "Fn::Sub": "arn:\${AWS::Partition}:iam::aws:policy/service-role/AWSLambdaBasicExecutionRole",
          },
        ],
        "Policies": Array [
          Object {
            "PolicyDocument": Object {
              "Statement": Array [
                Object {
                  "Action": Array [
                    "organizations:AttachPolicy",
                    "organizations:DetachPolicy",
                    "organizations:ListPoliciesForTarget",
                  ],
                  "Effect": "Allow",
                  "Resource": "*",
                },
              ],
              "Version": "2012-10-17",
            },
            "PolicyName": "Inline",
          },
        ],
      },
      "Type": "AWS::IAM::Role",
    },
    "PolicyAttachmentE9E858C2": Object {
      "DeletionPolicy": "Delete",
      "DependsOn": Array [
        "CustomOrganizationsAttachPolicyCustomResourceProviderLogGroup03FEC039",
      ],
      "Properties": Object {
        "ServiceToken": Object {
          "Fn::GetAtt": Array [
            "CustomOrganizationsAttachPolicyCustomResourceProviderHandlerB3233202",
            "Arn",
          ],
        },
        "partition": Object {
          "Ref": "AWS::Partition",
        },
        "policyId": "policyId",
        "targetId": "targetId",
        "type": "SERVICE_CONTROL_POLICY",
        "uuid": "REPLACED-UUID",
      },
      "Type": "Custom::AttachPolicy",
      "UpdateReplacePolicy": "Delete",
    },
  },
}
`;
