// Jest Snapshot v1, https://goo.gl/fbAQLP

exports[`Policy Construct(Policy):  Snapshot Test 1`] = `
Object {
  "Resources": Object {
    "CustomKey1E6D0D07": Object {
      "DeletionPolicy": "Retain",
      "Properties": Object {
        "KeyPolicy": Object {
          "Statement": Array [
            Object {
              "Action": "kms:*",
              "Effect": "Allow",
              "Principal": Object {
                "AWS": Object {
                  "Fn::Join": Array [
                    "",
                    Array [
                      "arn:",
                      Object {
                        "Ref": "AWS::Partition",
                      },
                      ":iam::",
                      Object {
                        "Ref": "AWS::AccountId",
                      },
                      ":root",
                    ],
                  ],
                },
              },
              "Resource": "*",
            },
          ],
          "Version": "2012-10-17",
        },
      },
      "Type": "AWS::KMS::Key",
      "UpdateReplacePolicy": "Retain",
    },
    "CustomOrganizationsCreatePolicyCustomResourceProviderHandler7A188619": Object {
      "DependsOn": Array [
        "CustomOrganizationsCreatePolicyCustomResourceProviderRoleBA0ADB43",
      ],
      "Properties": Object {
        "Code": Object {
          "S3Bucket": Object {
            "Fn::Sub": "cdk-hnb659fds-assets-\${AWS::AccountId}-\${AWS::Region}",
          },
          "S3Key": "REPLACED-GENERATED-NAME.zip",
        },
        "Description": "Organizations create policy",
        "Handler": "__entrypoint__.handler",
        "MemorySize": 128,
        "Role": Object {
          "Fn::GetAtt": Array [
            "CustomOrganizationsCreatePolicyCustomResourceProviderRoleBA0ADB43",
            "Arn",
          ],
        },
        "Runtime": "nodejs14.x",
        "Timeout": 900,
      },
      "Type": "AWS::Lambda::Function",
    },
    "CustomOrganizationsCreatePolicyCustomResourceProviderLogGroup019B74A9": Object {
      "DeletionPolicy": "Delete",
      "Properties": Object {
        "KmsKeyId": Object {
          "Fn::GetAtt": Array [
            "CustomKey1E6D0D07",
            "Arn",
          ],
        },
        "LogGroupName": Object {
          "Fn::Join": Array [
            "",
            Array [
              "/aws/lambda/",
              Object {
                "Ref": "CustomOrganizationsCreatePolicyCustomResourceProviderHandler7A188619",
              },
            ],
          ],
        },
        "RetentionInDays": 3653,
      },
      "Type": "AWS::Logs::LogGroup",
      "UpdateReplacePolicy": "Delete",
    },
    "CustomOrganizationsCreatePolicyCustomResourceProviderRoleBA0ADB43": Object {
      "Properties": Object {
        "AssumeRolePolicyDocument": Object {
          "Statement": Array [
            Object {
              "Action": "sts:AssumeRole",
              "Effect": "Allow",
              "Principal": Object {
                "Service": "lambda.amazonaws.com",
              },
            },
          ],
          "Version": "2012-10-17",
        },
        "ManagedPolicyArns": Array [
          Object {
            "Fn::Sub": "arn:\${AWS::Partition}:iam::aws:policy/service-role/AWSLambdaBasicExecutionRole",
          },
        ],
        "Policies": Array [
          Object {
            "PolicyDocument": Object {
              "Statement": Array [
                Object {
                  "Action": Array [
                    "organizations:CreatePolicy",
                    "organizations:ListPolicies",
                    "organizations:UpdatePolicy",
                  ],
                  "Effect": "Allow",
                  "Resource": "*",
                },
                Object {
                  "Action": Array [
                    "s3:GetObject",
                  ],
                  "Effect": "Allow",
                  "Resource": Object {
                    "Fn::Join": Array [
                      "",
                      Array [
                        "arn:",
                        Object {
                          "Ref": "AWS::Partition",
                        },
                        ":s3:::",
                        Object {
                          "Fn::Sub": "cdk-hnb659fds-assets-\${AWS::AccountId}-\${AWS::Region}",
                        },
                        "/*",
                      ],
                    ],
                  },
                },
              ],
              "Version": "2012-10-17",
            },
            "PolicyName": "Inline",
          },
        ],
      },
      "Type": "AWS::IAM::Role",
    },
    "Policy23B91518": Object {
      "DeletionPolicy": "Delete",
      "DependsOn": Array [
        "CustomOrganizationsCreatePolicyCustomResourceProviderLogGroup019B74A9",
      ],
      "Properties": Object {
        "ServiceToken": Object {
          "Fn::GetAtt": Array [
            "CustomOrganizationsCreatePolicyCustomResourceProviderHandler7A188619",
            "Arn",
          ],
        },
        "bucket": Object {
          "Fn::Sub": "cdk-hnb659fds-assets-\${AWS::AccountId}-\${AWS::Region}",
        },
        "description": "Testing Policy construct",
        "key": "REPLACED-GENERATED-NAME.zip",
        "name": "TestPolicy",
        "partition": "aws",
        "tags": Array [
          Object {
            "Key": "name",
            "Value": "TestPolicy",
          },
          Object {
            "Key": "usage",
            "Value": "ConstructTest",
          },
        ],
        "type": "SERVICE_CONTROL_POLICY",
        "uuid": "REPLACED-UUID",
      },
      "Type": "Custom::CreatePolicy",
      "UpdateReplacePolicy": "Delete",
    },
  },
}
`;
