// Jest Snapshot v1, https://goo.gl/fbAQLP

exports[`AuditManagerDefaultReportsDestination Construct(AuditManagerDefaultReportsDestination):  Snapshot Test 1`] = `
Object {
  "Resources": Object {
    "AuditManagerDefaultReportsDestinationAFD20D60": Object {
      "DeletionPolicy": "Delete",
      "DependsOn": Array [
        "CustomAuditManagerCreateDefaultReportsDestinationCustomResourceProviderLogGroupF5AC3566",
      ],
      "Properties": Object {
        "ServiceToken": Object {
          "Fn::GetAtt": Array [
            "CustomAuditManagerCreateDefaultReportsDestinationCustomResourceProviderHandler6BCBC433",
            "Arn",
          ],
        },
        "bucket": Object {
          "Fn::Join": Array [
            "",
            Array [
              "s3//aws-accelerator-auditmgr-",
              Object {
                "Ref": "AWS::AccountId",
              },
              "-",
              Object {
                "Ref": "AWS::Region",
              },
            ],
          ],
        },
        "defaultReportsDestinationType": "S3",
        "kmsKeyArn": Object {
          "Fn::GetAtt": Array [
            "BucketKey7092080A",
            "Arn",
          ],
        },
        "region": Object {
          "Ref": "AWS::Region",
        },
      },
      "Type": "Custom::AuditManagerCreateDefaultReportsDestination",
      "UpdateReplacePolicy": "Delete",
    },
    "BucketKey7092080A": Object {
      "DeletionPolicy": "Retain",
      "Properties": Object {
        "KeyPolicy": Object {
          "Statement": Array [
            Object {
              "Action": "kms:*",
              "Effect": "Allow",
              "Principal": Object {
                "AWS": Object {
                  "Fn::Join": Array [
                    "",
                    Array [
                      "arn:",
                      Object {
                        "Ref": "AWS::Partition",
                      },
                      ":iam::",
                      Object {
                        "Ref": "AWS::AccountId",
                      },
                      ":root",
                    ],
                  ],
                },
              },
              "Resource": "*",
            },
          ],
          "Version": "2012-10-17",
        },
      },
      "Type": "AWS::KMS::Key",
      "UpdateReplacePolicy": "Retain",
    },
    "CustomAuditManagerCreateDefaultReportsDestinationCustomResourceProviderHandler6BCBC433": Object {
      "DependsOn": Array [
        "CustomAuditManagerCreateDefaultReportsDestinationCustomResourceProviderRoleAEE72AE5",
      ],
      "Properties": Object {
        "Code": Object {
          "S3Bucket": Object {
            "Fn::Sub": "cdk-hnb659fds-assets-\${AWS::AccountId}-\${AWS::Region}",
          },
          "S3Key": "REPLACED-GENERATED-NAME.zip",
        },
        "Handler": "__entrypoint__.handler",
        "MemorySize": 128,
        "Role": Object {
          "Fn::GetAtt": Array [
            "CustomAuditManagerCreateDefaultReportsDestinationCustomResourceProviderRoleAEE72AE5",
            "Arn",
          ],
        },
        "Runtime": "nodejs14.x",
        "Timeout": 900,
      },
      "Type": "AWS::Lambda::Function",
    },
    "CustomAuditManagerCreateDefaultReportsDestinationCustomResourceProviderLogGroupF5AC3566": Object {
      "DeletionPolicy": "Delete",
      "Properties": Object {
        "KmsKeyId": Object {
          "Fn::GetAtt": Array [
            "CustomKey1E6D0D07",
            "Arn",
          ],
        },
        "LogGroupName": Object {
          "Fn::Join": Array [
            "",
            Array [
              "/aws/lambda/",
              Object {
                "Ref": "CustomAuditManagerCreateDefaultReportsDestinationCustomResourceProviderHandler6BCBC433",
              },
            ],
          ],
        },
        "RetentionInDays": 3653,
      },
      "Type": "AWS::Logs::LogGroup",
      "UpdateReplacePolicy": "Delete",
    },
    "CustomAuditManagerCreateDefaultReportsDestinationCustomResourceProviderRoleAEE72AE5": Object {
      "Properties": Object {
        "AssumeRolePolicyDocument": Object {
          "Statement": Array [
            Object {
              "Action": "sts:AssumeRole",
              "Effect": "Allow",
              "Principal": Object {
                "Service": "lambda.amazonaws.com",
              },
            },
          ],
          "Version": "2012-10-17",
        },
        "ManagedPolicyArns": Array [
          Object {
            "Fn::Sub": "arn:\${AWS::Partition}:iam::aws:policy/service-role/AWSLambdaBasicExecutionRole",
          },
        ],
        "Policies": Array [
          Object {
            "PolicyDocument": Object {
              "Statement": Array [
                Object {
                  "Action": Array [
                    "auditmanager:UpdateSettings",
                  ],
                  "Effect": "Allow",
                  "Resource": "*",
                  "Sid": "AuditManagerCreatePublishingDestinationCommandTaskAuditManagerActions",
                },
              ],
              "Version": "2012-10-17",
            },
            "PolicyName": "Inline",
          },
        ],
      },
      "Type": "AWS::IAM::Role",
    },
    "CustomKey1E6D0D07": Object {
      "DeletionPolicy": "Retain",
      "Properties": Object {
        "KeyPolicy": Object {
          "Statement": Array [
            Object {
              "Action": "kms:*",
              "Effect": "Allow",
              "Principal": Object {
                "AWS": Object {
                  "Fn::Join": Array [
                    "",
                    Array [
                      "arn:",
                      Object {
                        "Ref": "AWS::Partition",
                      },
                      ":iam::",
                      Object {
                        "Ref": "AWS::AccountId",
                      },
                      ":root",
                    ],
                  ],
                },
              },
              "Resource": "*",
            },
          ],
          "Version": "2012-10-17",
        },
      },
      "Type": "AWS::KMS::Key",
      "UpdateReplacePolicy": "Retain",
    },
  },
}
`;
